<!doctype html public "-//w3c//dtd html 4.0 transitional//en">
<html><head>
<title>Static Call Graph - [.\obj\BLE.axf]</title></head>
<body><HR>
<H1>Static Call Graph for image .\obj\BLE.axf</H1><HR>
<BR><P>#&#060CALLGRAPH&#062# ARM Linker, 5060750: Last Updated: Thu Jun 25 06:55:08 2020
<BR><P>
<H3>Maximum Stack Usage =        552 bytes + Unknown(Cycles, Untraceable Function Pointers)</H3><H3>
Call chain for Maximum Stack Depth:</H3>
GAPRole_PeripheralProcessEvent &rArr; gapRole_PeripheralProcessTMOSMsg &rArr; gapRole_PeripheralProcessGAPMsg &rArr; GAPBondMgr_LinkEst &rArr; GATTServApp_SendServiceChangedInd &rArr; GATT_ServiceChangedInd &rArr; GATT_Indication &rArr; ATT_HandleValueInd &rArr; attSendMsg &rArr; SM_GenerateAuthenSig &rArr; sm_CMAC &rArr; generate_subkey &rArr; LL_Encrypt &rArr; AES128_ECB_encrypt &rArr; MixColumns
<P>
<H3>
Mutually Recursive functions
</H3> <LI><a href="#[15]">SVC_Handler</a>&nbsp;&nbsp;&nbsp;&rArr;&nbsp;&nbsp;&nbsp;<a href="#[15]">SVC_Handler</a><BR>
 <LI><a href="#[16]">PendSV_Handler</a>&nbsp;&nbsp;&nbsp;&rArr;&nbsp;&nbsp;&nbsp;<a href="#[16]">PendSV_Handler</a><BR>
 <LI><a href="#[17]">SysTick_Handler</a>&nbsp;&nbsp;&nbsp;&rArr;&nbsp;&nbsp;&nbsp;<a href="#[17]">SysTick_Handler</a><BR>
 <LI><a href="#[25]">ADC_IRQHandler</a>&nbsp;&nbsp;&nbsp;&rArr;&nbsp;&nbsp;&nbsp;<a href="#[25]">ADC_IRQHandler</a><BR>
</UL>
<P>
<H3>
Function Pointers
</H3><UL>
 <LI><a href="#[25]">ADC_IRQHandler</a> from startup_armcm0.o(.text) referenced from startup_armcm0.o(RESET)
 <LI><a href="#[35]">ATT_BuildErrorRsp</a> from att.o(i.ATT_BuildErrorRsp) referenced from att.o(i.ATT_ErrorRsp)
 <LI><a href="#[36]">ATT_BuildExchangeMTURsp</a> from att_server.o(i.ATT_BuildExchangeMTURsp) referenced from att_server.o(i.ATT_ExchangeMTURsp)
 <LI><a href="#[37]">ATT_BuildFindByTypeValueRsp</a> from att_server.o(i.ATT_BuildFindByTypeValueRsp) referenced from att_server.o(i.ATT_FindByTypeValueRsp)
 <LI><a href="#[38]">ATT_BuildFindInfoRsp</a> from att_server.o(i.ATT_BuildFindInfoRsp) referenced from att_server.o(i.ATT_FindInfoRsp)
 <LI><a href="#[39]">ATT_BuildHandleValueInd</a> from att_server.o(i.ATT_BuildHandleValueInd) referenced from att_server.o(i.ATT_HandleValueInd)
 <LI><a href="#[39]">ATT_BuildHandleValueInd</a> from att_server.o(i.ATT_BuildHandleValueInd) referenced from att_server.o(i.ATT_HandleValueNoti)
 <LI><a href="#[3a]">ATT_BuildPrepareWriteRsp</a> from att_server.o(i.ATT_BuildPrepareWriteRsp) referenced from att_server.o(i.ATT_PrepareWriteRsp)
 <LI><a href="#[3b]">ATT_BuildReadBlobRsp</a> from att_server.o(i.ATT_BuildReadBlobRsp) referenced from att_server.o(i.ATT_ReadBlobRsp)
 <LI><a href="#[3c]">ATT_BuildReadByGrpTypeRsp</a> from att_server.o(i.ATT_BuildReadByGrpTypeRsp) referenced from att_server.o(i.ATT_ReadByGrpTypeRsp)
 <LI><a href="#[3d]">ATT_BuildReadByTypeRsp</a> from att_server.o(i.ATT_BuildReadByTypeRsp) referenced from att_server.o(i.ATT_ReadByTypeRsp)
 <LI><a href="#[3e]">ATT_BuildReadMultiRsp</a> from att_server.o(i.ATT_BuildReadMultiRsp) referenced from att_server.o(i.ATT_ReadMultiRsp)
 <LI><a href="#[3f]">ATT_BuildReadRsp</a> from att_server.o(i.ATT_BuildReadRsp) referenced from att_server.o(i.ATT_ReadRsp)
 <LI><a href="#[7a]">ATT_ParseExchangeMTUReq</a> from att_server.o(i.ATT_ParseExchangeMTUReq) referenced from gattservapp.o(.constdata)
 <LI><a href="#[8c]">ATT_ParseExecuteWriteReq</a> from att_server.o(i.ATT_ParseExecuteWriteReq) referenced from gattservapp.o(.constdata)
 <LI><a href="#[7e]">ATT_ParseFindByTypeValueReq</a> from att_server.o(i.ATT_ParseFindByTypeValueReq) referenced from gattservapp.o(.constdata)
 <LI><a href="#[7c]">ATT_ParseFindInfoReq</a> from att_server.o(i.ATT_ParseFindInfoReq) referenced from gattservapp.o(.constdata)
 <LI><a href="#[8a]">ATT_ParsePrepareWriteReq</a> from att_server.o(i.ATT_ParsePrepareWriteReq) referenced from gattservapp.o(.constdata)
 <LI><a href="#[84]">ATT_ParseReadBlobReq</a> from att_server.o(i.ATT_ParseReadBlobReq) referenced from gattservapp.o(.constdata)
 <LI><a href="#[80]">ATT_ParseReadByTypeReq</a> from att_server.o(i.ATT_ParseReadByTypeReq) referenced 2 times from gattservapp.o(.constdata)
 <LI><a href="#[85]">ATT_ParseReadMultiReq</a> from att_server.o(i.ATT_ParseReadMultiReq) referenced from gattservapp.o(.constdata)
 <LI><a href="#[82]">ATT_ParseReadReq</a> from att_server.o(i.ATT_ParseReadReq) referenced from gattservapp.o(.constdata)
 <LI><a href="#[88]">ATT_ParseWriteReq</a> from att_server.o(i.ATT_ParseWriteReq) referenced from gattservapp.o(.constdata)
 <LI><a href="#[1c]">BB_IRQHandler</a> from startup_armcm0.o(.text) referenced from startup_armcm0.o(RESET)
 <LI><a href="#[1f]">ETH_IRQHandler</a> from startup_armcm0.o(.text) referenced from startup_armcm0.o(RESET)
 <LI><a href="#[46]">GAPBondMgr_ProcessEvent</a> from gapbondmgr.o(i.GAPBondMgr_ProcessEvent) referenced from role.o(i.GAPRole_PeripheralInit)
 <LI><a href="#[41]">GAPRole_PeripheralProcessEvent</a> from peripheral.o(i.GAPRole_PeripheralProcessEvent) referenced from peripheral.o(i.GAPRole_PeripheralEnable)
 <LI><a href="#[43]">GAP_ProcessEvent</a> from gap.o(i.GAP_ProcessEvent) referenced from role.o(i.GAPRole_PeripheralInit)
 <LI><a href="#[47]">GATTServApp_ProcessEvent</a> from gattservapp.o(i.GATTServApp_ProcessEvent) referenced from role.o(i.GAPRole_PeripheralInit)
 <LI><a href="#[44]">GATT_ProcessEvent</a> from gatt.o(i.GATT_ProcessEvent) referenced from role.o(i.GAPRole_PeripheralInit)
 <LI><a href="#[19]">GPIO_IRQHandler</a> from mcu.o(.text) referenced from startup_armcm0.o(RESET)
 <LI><a href="#[33]">HAL_GetInterTempValue</a> from mcu.o(.text) referenced from mcu.o(.text)
 <LI><a href="#[34]">HAL_ProcessEvent</a> from mcu.o(.text) referenced from mcu.o(.text)
 <LI><a href="#[31]">HalKeyCallback</a> from mcu.o(.text) referenced from key.o(.text)
 <LI><a href="#[14]">HardFault_Handler</a> from startup_armcm0.o(.text) referenced from startup_armcm0.o(RESET)
 <LI><a href="#[42]">L2CAP_ProcessEvent</a> from l2cap.o(i.L2CAP_ProcessEvent) referenced from role.o(i.GAPRole_PeripheralInit)
 <LI><a href="#[27]">LED_IRQHandler</a> from startup_armcm0.o(.text) referenced from startup_armcm0.o(RESET)
 <LI><a href="#[1d]">LLE_IRQHandler</a> from mcu.o(.text) referenced from startup_armcm0.o(RESET)
 <LI><a href="#[5b]">LL_ProcessEvent</a> from ll.o(i.LL_ProcessEvent) referenced from ll_advertise.o(i.LL_AdvertiseEnalbe)
 <LI><a href="#[13]">NMI_Handler</a> from ch57x_int.o(.text) referenced from startup_armcm0.o(RESET)
 <LI><a href="#[16]">PendSV_Handler</a> from startup_armcm0.o(.text) referenced from startup_armcm0.o(RESET)
 <LI><a href="#[2d]">Peripheral_ProcessEvent</a> from peripheral.o(.text) referenced from peripheral.o(.text)
 <LI><a href="#[61]">RTC_GetTickCount</a> from tmos_hw.o(i.RTC_GetTickCount) referenced from tmos_hw.o(i.TMOS_TimerInit)
 <LI><a href="#[62]">RTC_IRQCallBack</a> from tmos_hw.o(i.RTC_IRQCallBack) referenced from tmos_hw.o(i.TMOS_TimerInit)
 <LI><a href="#[24]">RTC_IRQHandler</a> from rtc.o(.text) referenced from startup_armcm0.o(RESET)
 <LI><a href="#[12]">Reset_Handler</a> from startup_armcm0.o(.text) referenced from startup_armcm0.o(RESET)
 <LI><a href="#[1a]">SLAVE_IRQHandler</a> from startup_armcm0.o(.text) referenced from startup_armcm0.o(RESET)
 <LI><a href="#[45]">SM_ProcessEvent</a> from sm.o(i.SM_ProcessEvent) referenced from role.o(i.GAPRole_PeripheralInit)
 <LI><a href="#[e]">SM_StartEncryption</a> from sm.o(i.SM_StartEncryption) referenced 2 times from sm.o(.data)
 <LI><a href="#[e]">SM_StartEncryption</a> from sm.o(i.SM_StartEncryption) referenced from sm.o(i.SM_ParamInit)
 <LI><a href="#[1b]">SPI0_IRQHandler</a> from startup_armcm0.o(.text) referenced from startup_armcm0.o(RESET)
 <LI><a href="#[26]">SPI1_IRQHandler</a> from startup_armcm0.o(.text) referenced from startup_armcm0.o(RESET)
 <LI><a href="#[15]">SVC_Handler</a> from startup_armcm0.o(.text) referenced from startup_armcm0.o(RESET)
 <LI><a href="#[32]">SYS_GetSysTickCnt</a> from ch57x_sys.o(.text) referenced from mcu.o(.text)
 <LI><a href="#[17]">SysTick_Handler</a> from startup_armcm0.o(.text) referenced from startup_armcm0.o(RESET)
 <LI><a href="#[2f]">SystemInit</a> from ch57x_clk.o(.text) referenced from startup_armcm0.o(.text)
 <LI><a href="#[60]">TMOS_CbTimerProcessEvent</a> from tmos.o(i.TMOS_CbTimerProcessEvent) referenced from tmos.o(i.TMOS_Init)
 <LI><a href="#[18]">TMR0_IRQHandler</a> from startup_armcm0.o(.text) referenced from startup_armcm0.o(RESET)
 <LI><a href="#[20]">TMR1_IRQHandler</a> from startup_armcm0.o(.text) referenced from startup_armcm0.o(RESET)
 <LI><a href="#[21]">TMR2_IRQHandler</a> from startup_armcm0.o(.text) referenced from startup_armcm0.o(RESET)
 <LI><a href="#[28]">TMR3_IRQHandler</a> from startup_armcm0.o(.text) referenced from startup_armcm0.o(RESET)
 <LI><a href="#[22]">UART0_IRQHandler</a> from startup_armcm0.o(.text) referenced from startup_armcm0.o(RESET)
 <LI><a href="#[23]">UART1_IRQHandler</a> from startup_armcm0.o(.text) referenced from startup_armcm0.o(RESET)
 <LI><a href="#[29]">UART2_IRQHandler</a> from startup_armcm0.o(.text) referenced from startup_armcm0.o(RESET)
 <LI><a href="#[2a]">UART3_IRQHandler</a> from startup_armcm0.o(.text) referenced from startup_armcm0.o(RESET)
 <LI><a href="#[1e]">USB_IRQHandler</a> from startup_armcm0.o(.text) referenced from startup_armcm0.o(RESET)
 <LI><a href="#[2b]">WDT_IRQHandler</a> from startup_armcm0.o(.text) referenced from startup_armcm0.o(RESET)
 <LI><a href="#[30]">__main</a> from entry.o(.ARM.Collect$$$$00000000) referenced from startup_armcm0.o(.text)
 <LI><a href="#[4]">devInfo_ReadAttrCB</a> from devinfoservice.o(.text) referenced 2 times from devinfoservice.o(.data)
 <LI><a href="#[63]">fputc</a> from ch57x_sys.o(.text) referenced from printf5.o(i.__0printf$5)
 <LI><a href="#[40]">gapBondMgrSendServiceChange</a> from gapbondmgr.o(i.gapBondMgrSendServiceChange) referenced from gapbondmgr.o(i.GAPBondMgr_ServiceChangeInd)
 <LI><a href="#[b]">gapBondPairStateCB</a> from gapbondmgr.o(i.gapBondPairStateCB) referenced 2 times from gapbondmgr.o(.data)
 <LI><a href="#[b]">gapBondPairStateCB</a> from gapbondmgr.o(i.gapBondPairStateCB) referenced from gapbondmgr.o(i.GAPBondMgr_ParamInit)
 <LI><a href="#[a]">gapBondPasscodeCB</a> from gapbondmgr.o(i.gapBondPasscodeCB) referenced 2 times from gapbondmgr.o(.data)
 <LI><a href="#[a]">gapBondPasscodeCB</a> from gapbondmgr.o(i.gapBondPasscodeCB) referenced from gapbondmgr.o(i.GAPBondMgr_ParamInit)
 <LI><a href="#[4a]">gapCancelLinkReq</a> from gap_central.o(i.gapCancelLinkReq) referenced from gap_central.o(i.GAP_CentralParamInit)
 <LI><a href="#[4b]">gapCentProcessConnEvt</a> from gap_central.o(i.gapCentProcessConnEvt) referenced from gap_central.o(i.GAP_CentralParamInit)
 <LI><a href="#[48]">gapCentProcessHCICmdEvt</a> from gap_central.o(i.gapCentProcessHCICmdEvt) referenced from gap_central.o(i.GAP_CentralParamInit)
 <LI><a href="#[4f]">gapPeriProcessConnEvt</a> from gap_peripheral.o(i.gapPeriProcessConnEvt) referenced from gap_peripheral.o(i.GAP_PeripheralParamInit)
 <LI><a href="#[4c]">gapPeriProcessHCICmdCompleteEvt</a> from gap_peripheral.o(i.gapPeriProcessHCICmdCompleteEvt) referenced from gap_peripheral.o(i.GAP_PeripheralParamInit)
 <LI><a href="#[4d]">gapProcessAdvertisingEvt</a> from gap_peripheral.o(i.gapProcessAdvertisingEvt) referenced from gap_peripheral.o(i.GAP_PeripheralParamInit)
 <LI><a href="#[49]">gapProcessScanningEvt</a> from gap_central.o(i.gapProcessScanningEvt) referenced from gap_central.o(i.GAP_CentralParamInit)
 <LI><a href="#[4e]">gapSetAdvParams</a> from gap_peripheral.o(i.gapSetAdvParams) referenced from gap_peripheral.o(i.GAP_PeripheralParamInit)
 <LI><a href="#[7b]">gattProcessExchangeMTUReq</a> from gattservapp.o(i.gattProcessExchangeMTUReq) referenced from gattservapp.o(.constdata)
 <LI><a href="#[8d]">gattProcessExecuteWriteReq</a> from gattservapp.o(i.gattProcessExecuteWriteReq) referenced from gattservapp.o(.constdata)
 <LI><a href="#[7f]">gattProcessFindByTypeValueReq</a> from gattservapp.o(i.gattProcessFindByTypeValueReq) referenced from gattservapp.o(.constdata)
 <LI><a href="#[7d]">gattProcessFindInfoReq</a> from gattservapp.o(i.gattProcessFindInfoReq) referenced from gattservapp.o(.constdata)
 <LI><a href="#[8b]">gattProcessPrepareWriteReq</a> from gattservapp.o(i.gattProcessPrepareWriteReq) referenced from gattservapp.o(.constdata)
 <LI><a href="#[87]">gattProcessReadByGrpTypeReq</a> from gattservapp.o(i.gattProcessReadByGrpTypeReq) referenced from gattservapp.o(.constdata)
 <LI><a href="#[81]">gattProcessReadByTypeReq</a> from gattservapp.o(i.gattProcessReadByTypeReq) referenced from gattservapp.o(.constdata)
 <LI><a href="#[86]">gattProcessReadMultiReq</a> from gattservapp.o(i.gattProcessReadMultiReq) referenced from gattservapp.o(.constdata)
 <LI><a href="#[83]">gattProcessReadReq</a> from gattservapp.o(i.gattProcessReadReq) referenced 2 times from gattservapp.o(.constdata)
 <LI><a href="#[89]">gattProcessWriteReq</a> from gattservapp.o(i.gattProcessWriteReq) referenced from gattservapp.o(.constdata)
 <LI><a href="#[51]">gattServApp_HandleConnStatusCB</a> from gattservapp.o(i.gattServApp_HandleConnStatusCB) referenced from gattservapp.o(i.GATTServApp_Init)
 <LI><a href="#[9]">gattServApp_WriteAttrCB</a> from gattservapp.o(i.gattServApp_WriteAttrCB) referenced 2 times from gattservapp.o(.data)
 <LI><a href="#[9]">gattServApp_WriteAttrCB</a> from gattservapp.o(i.gattServApp_WriteAttrCB) referenced from gattservapp.o(i.GATTServApp_ParamInit)
 <LI><a href="#[55]">gattServerHandleConnStatusCB</a> from gattservapp.o(i.gattServerHandleConnStatusCB) referenced from gattservapp.o(i.GATT_InitServer)
 <LI><a href="#[52]">gattServerHandleTimerCB</a> from gattservapp.o(i.gattServerHandleTimerCB) referenced from gattservapp.o(i.GATT_Indication)
 <LI><a href="#[54]">gattServerNotifyTxCB</a> from gattservapp.o(i.gattServerNotifyTxCB) referenced from gattservapp.o(i.GATT_InitServer)
 <LI><a href="#[53]">gattServerProcessMsgCB</a> from gattservapp.o(i.gattServerProcessMsgCB) referenced from gattservapp.o(i.GATT_InitServer)
 <LI><a href="#[7]">ggs_ReadAttrCB</a> from gapgattserver.o(i.ggs_ReadAttrCB) referenced 2 times from gapgattserver.o(.data)
 <LI><a href="#[7]">ggs_ReadAttrCB</a> from gapgattserver.o(i.ggs_ReadAttrCB) referenced from gapgattserver.o(i.GGS_ParamInit)
 <LI><a href="#[8]">ggs_WriteAttrCB</a> from gapgattserver.o(i.ggs_WriteAttrCB) referenced 2 times from gapgattserver.o(.data)
 <LI><a href="#[8]">ggs_WriteAttrCB</a> from gapgattserver.o(i.ggs_WriteAttrCB) referenced from gapgattserver.o(i.GGS_ParamInit)
 <LI><a href="#[56]">l2capBuildCmdReject</a> from l2cap_sdu.o(i.l2capBuildCmdReject) referenced from l2cap_sdu.o(i.L2CAP_CmdReject)
 <LI><a href="#[65]">l2capBuildConnectRsp</a> from l2cap_sdu.o(i.l2capBuildConnectRsp) referenced from l2cap_sdu.o(i.l2capSendConnectRsp)
 <LI><a href="#[59]">l2capBuildDisconnectReq</a> from l2cap_sdu.o(i.l2capBuildDisconnectReq) referenced from l2cap_sdu.o(i.L2CAP_DisconnectReq)
 <LI><a href="#[64]">l2capBuildDisconnectRsp</a> from l2cap_sdu.o(i.l2capBuildDisconnectRsp) referenced from l2cap_input.o(i.l2capProcessReq)
 <LI><a href="#[57]">l2capBuildParamUpdateReq</a> from l2cap_sdu.o(i.l2capBuildParamUpdateReq) referenced from l2cap_sdu.o(i.L2CAP_ConnParamUpdateReq)
 <LI><a href="#[58]">l2capBuildParamUpdateRsp</a> from l2cap_sdu.o(i.l2capBuildParamUpdateRsp) referenced from l2cap_sdu.o(i.L2CAP_ConnParamUpdateRsp)
 <LI><a href="#[5a]">l2capHandleConnStatusCB</a> from l2cap.o(i.l2capHandleConnStatusCB) referenced from l2cap.o(i.L2CAP_Init)
 <LI><a href="#[66]">l2capHandleTimerCB</a> from l2cap.o(i.l2capHandleTimerCB) referenced from l2cap.o(i.l2capStartTimer)
 <LI><a href="#[6a]">llAdvTraverseallChannel</a> from ll_advertise.o(i.llAdvTraverseallChannel) referenced from ll_advertise.o(i.ll_advertise_initParameters)
 <LI><a href="#[5c]">llAdvertiseCreateCore</a> from ll_advertise.o(i.llAdvertiseCreateCore) referenced from ll_advertise.o(i.LL_AdvertiseEnalbe)
 <LI><a href="#[68]">llAdvertiseSet</a> from ll_advertise.o(i.llAdvertiseSet) referenced from ll_advertise.o(i.ll_advertise_initParameters)
 <LI><a href="#[69]">llAdvertiseStart</a> from ll_advertise.o(i.llAdvertiseStart) referenced from ll_advertise.o(i.ll_advertise_initParameters)
 <LI><a href="#[5d]">llSlaveCreateCore</a> from ll_slave.o(i.llSlaveCreateCore) referenced from ll_slave.o(i.LL_SlaveEnalbe)
 <LI><a href="#[5e]">llSlaveSetFirstTimer</a> from ll_slave.o(i.llSlaveSetFirstTimer) referenced from ll_slave.o(i.LL_SlaveEnalbe)
 <LI><a href="#[6b]">ll_advertise_process</a> from ll_advertise.o(i.ll_advertise_process) referenced from ll_advertise.o(i.ll_advertise_tx)
 <LI><a href="#[6c]">ll_connect_auth_timeout</a> from ll_connect.o(i.ll_connect_auth_timeout) referenced from ll_connect.o(i.ll_connect_set_auth_timeout)
 <LI><a href="#[6e]">ll_connect_procedure_timeout</a> from ll_connect.o(i.ll_connect_procedure_timeout) referenced from ll_connect.o(i.ll_connect_set_procedure_timeout)
 <LI><a href="#[6d]">ll_connect_supervision_timeout</a> from ll_connect.o(i.ll_connect_supervision_timeout) referenced from ll_connect.o(i.ll_connect_set_connect_timeout)
 <LI><a href="#[6f]">ll_slave_process</a> from ll_slave.o(i.ll_slave_process) referenced from ll_slave.o(i.ll_slave_process_event)
 <LI><a href="#[67]">ll_slave_process_event</a> from ll_slave.o(i.ll_slave_process_event) referenced from ll_slave.o(i.llSlaveSetFirstTimer)
 <LI><a href="#[2c]">main</a> from peripheral_main.o(.text) referenced from entry9a.o(.ARM.Collect$$$$0000000B)
 <LI><a href="#[2]">peripheralParamUpdateCB</a> from peripheral.o(.text) referenced 2 times from peripheral.o(.data)
 <LI><a href="#[1]">peripheralRssiCB</a> from peripheral.o(.text) referenced 2 times from peripheral.o(.data)
 <LI><a href="#[0]">peripheralStateNotificationCB</a> from peripheral.o(.text) referenced 2 times from peripheral.o(.data)
 <LI><a href="#[3]">simpleProfileChangeCB</a> from peripheral.o(.text) referenced 2 times from peripheral.o(.data)
 <LI><a href="#[2e]">simpleProfile_HandleConnStatusCB</a> from gattprofile.o(.text) referenced from gattprofile.o(.text)
 <LI><a href="#[5]">simpleProfile_ReadAttrCB</a> from gattprofile.o(.text) referenced 2 times from gattprofile.o(.data)
 <LI><a href="#[6]">simpleProfile_WriteAttrCB</a> from gattprofile.o(.text) referenced 2 times from gattprofile.o(.data)
 <LI><a href="#[d]">smInitiatorSendNextKeyInfo</a> from sm.o(i.smInitiatorSendNextKeyInfo) referenced 2 times from sm.o(.data)
 <LI><a href="#[d]">smInitiatorSendNextKeyInfo</a> from sm.o(i.smInitiatorSendNextKeyInfo) referenced from sm.o(i.SM_ParamInit)
 <LI><a href="#[5f]">smLinkCheck</a> from sm.o(i.smLinkCheck) referenced from sm.o(i.SM_Init)
 <LI><a href="#[11]">smResponderProcessLTKReq</a> from sm.o(i.smResponderProcessLTKReq) referenced 2 times from sm.o(.data)
 <LI><a href="#[11]">smResponderProcessLTKReq</a> from sm.o(i.smResponderProcessLTKReq) referenced from sm.o(i.SM_ParamInit)
 <LI><a href="#[10]">smResponderSendNextKeyInfo</a> from sm.o(i.smResponderSendNextKeyInfo) referenced 2 times from sm.o(.data)
 <LI><a href="#[10]">smResponderSendNextKeyInfo</a> from sm.o(i.smResponderSendNextKeyInfo) referenced from sm.o(i.SM_ParamInit)
 <LI><a href="#[74]">smpBuildEncInfo</a> from sm.o(i.smpBuildEncInfo) referenced from sm.o(i.smPairingSendEncInfo)
 <LI><a href="#[75]">smpBuildIdentityAddrInfo</a> from sm.o(i.smpBuildIdentityAddrInfo) referenced from sm.o(i.smPairingSendIdentityAddrInfo)
 <LI><a href="#[76]">smpBuildIdentityInfo</a> from sm.o(i.smpBuildIdentityInfo) referenced from sm.o(i.smPairingSendIdentityInfo)
 <LI><a href="#[77]">smpBuildMasterID</a> from sm.o(i.smpBuildMasterID) referenced from sm.o(i.smPairingSendMasterID)
 <LI><a href="#[70]">smpBuildPairingConfirm</a> from sm.o(i.smpBuildPairingConfirm) referenced from sm.o(i.smGenerateConfirm)
 <LI><a href="#[79]">smpBuildPairingFailed</a> from sm.o(i.smpBuildPairingFailed) referenced from sm.o(i.smSendFailAndEnd)
 <LI><a href="#[73]">smpBuildPairingRandom</a> from sm.o(i.smpBuildPairingRandom) referenced from sm.o(i.smGenerateRandMsg)
 <LI><a href="#[71]">smpBuildPairingReq</a> from sm.o(i.smpBuildPairingReq) referenced from sm.o(i.smGeneratePairingReqRsp)
 <LI><a href="#[72]">smpBuildPairingRsp</a> from sm.o(i.smpBuildPairingRsp) referenced from sm.o(i.smGeneratePairingReqRsp)
 <LI><a href="#[50]">smpBuildSecurityReq</a> from sm.o(i.smpBuildSecurityReq) referenced from gap.o(i.GAP_SendSlaveSecurityRequest)
 <LI><a href="#[78]">smpBuildSigningInfo</a> from sm.o(i.smpBuildSigningInfo) referenced from sm.o(i.smPairingSendSingingInfo)
 <LI><a href="#[c]">smpInitiatorProcessIncoming</a> from sm.o(i.smpInitiatorProcessIncoming) referenced 2 times from sm.o(.data)
 <LI><a href="#[c]">smpInitiatorProcessIncoming</a> from sm.o(i.smpInitiatorProcessIncoming) referenced from sm.o(i.SM_ParamInit)
 <LI><a href="#[f]">smpResponderProcessIncoming</a> from sm.o(i.smpResponderProcessIncoming) referenced 2 times from sm.o(.data)
 <LI><a href="#[f]">smpResponderProcessIncoming</a> from sm.o(i.smpResponderProcessIncoming) referenced from sm.o(i.SM_ParamInit)
</UL>
<P>
<H3>
Global Symbols
</H3>
<P><STRONG><a name="[30]"></a>__main</STRONG> (Thumb, 0 bytes, Stack size unknown bytes, entry.o(.ARM.Collect$$$$00000000))
<BR>[Address Reference Count : 1]<UL><LI> startup_armcm0.o(.text)
</UL>
<P><STRONG><a name="[363]"></a>_main_stk</STRONG> (Thumb, 0 bytes, Stack size unknown bytes, entry2.o(.ARM.Collect$$$$00000001))

<P><STRONG><a name="[8e]"></a>_main_scatterload</STRONG> (Thumb, 0 bytes, Stack size unknown bytes, entry5.o(.ARM.Collect$$$$00000004))
<BR><BR>[Calls]<UL><LI><a href="#[8f]">&gt;&gt;</a>&nbsp;&nbsp;&nbsp;__scatterload
</UL>

<P><STRONG><a name="[f6]"></a>__main_after_scatterload</STRONG> (Thumb, 0 bytes, Stack size unknown bytes, entry5.o(.ARM.Collect$$$$00000004))
<BR><BR>[Called By]<UL><LI><a href="#[8f]">&gt;&gt;</a>&nbsp;&nbsp;&nbsp;__scatterload
</UL>

<P><STRONG><a name="[364]"></a>_main_clock</STRONG> (Thumb, 0 bytes, Stack size unknown bytes, entry7b.o(.ARM.Collect$$$$00000008))

<P><STRONG><a name="[365]"></a>_main_cpp_init</STRONG> (Thumb, 0 bytes, Stack size unknown bytes, entry8b.o(.ARM.Collect$$$$0000000A))

<P><STRONG><a name="[366]"></a>_main_init</STRONG> (Thumb, 0 bytes, Stack size unknown bytes, entry9a.o(.ARM.Collect$$$$0000000B))

<P><STRONG><a name="[367]"></a>__rt_final_cpp</STRONG> (Thumb, 0 bytes, Stack size unknown bytes, entry10a.o(.ARM.Collect$$$$0000000D))

<P><STRONG><a name="[368]"></a>__rt_final_exit</STRONG> (Thumb, 0 bytes, Stack size unknown bytes, entry11a.o(.ARM.Collect$$$$0000000F))

<P><STRONG><a name="[2d]"></a>Peripheral_ProcessEvent</STRONG> (Thumb, 194 bytes, Stack size 24 bytes, peripheral.o(.text))
<BR><BR>[Stack]<UL><LI>Max Depth = 416<LI>Call Chain = Peripheral_ProcessEvent &rArr; performPeriodicTask &rArr; peripheralChar4Notify &rArr; simpleProfile_Notify &rArr; GATT_Notification &rArr; ATT_HandleValueNoti &rArr; attSendMsg &rArr; SM_GenerateAuthenSig &rArr; sm_CMAC &rArr; generate_subkey &rArr; LL_Encrypt &rArr; AES128_ECB_encrypt &rArr; MixColumns
</UL>
<BR>[Calls]<UL><LI><a href="#[9b]">&gt;&gt;</a>&nbsp;&nbsp;&nbsp;tmos_start_task
<LI><a href="#[97]">&gt;&gt;</a>&nbsp;&nbsp;&nbsp;tmos_msg_receive
<LI><a href="#[99]">&gt;&gt;</a>&nbsp;&nbsp;&nbsp;tmos_msg_deallocate
<LI><a href="#[9d]">&gt;&gt;</a>&nbsp;&nbsp;&nbsp;GAPRole_ReadRssiCmd
<LI><a href="#[9a]">&gt;&gt;</a>&nbsp;&nbsp;&nbsp;GAPRole_PeripheralStartDevice
<LI><a href="#[9c]">&gt;&gt;</a>&nbsp;&nbsp;&nbsp;GAPRole_PeripheralConnParamUpdateReq
<LI><a href="#[98]">&gt;&gt;</a>&nbsp;&nbsp;&nbsp;Peripheral_ProcessTMOSMsg
<LI><a href="#[95]">&gt;&gt;</a>&nbsp;&nbsp;&nbsp;performPeriodicTask
</UL>
<BR>[Address Reference Count : 1]<UL><LI> peripheral.o(.text)
</UL>
<P><STRONG><a name="[9e]"></a>Peripheral_Init</STRONG> (Thumb, 338 bytes, Stack size 48 bytes, peripheral.o(.text))
<BR><BR>[Stack]<UL><LI>Max Depth = 256<LI>Call Chain = Peripheral_Init &rArr; GAPBondMgr_SetParameter &rArr; gapBondMgrEraseAllBondings &rArr; gapBondMgrEraseBonding &rArr; tmos_snv_read &rArr; tmos_memory_free
</UL>
<BR>[Calls]<UL><LI><a href="#[ac]">&gt;&gt;</a>&nbsp;&nbsp;&nbsp;tmos_set_event
<LI><a href="#[9f]">&gt;&gt;</a>&nbsp;&nbsp;&nbsp;TMOS_ProcessEventRegister
<LI><a href="#[a8]">&gt;&gt;</a>&nbsp;&nbsp;&nbsp;SimpleProfile_SetParameter
<LI><a href="#[aa]">&gt;&gt;</a>&nbsp;&nbsp;&nbsp;SimpleProfile_RegisterAppCBs
<LI><a href="#[a7]">&gt;&gt;</a>&nbsp;&nbsp;&nbsp;SimpleProfile_AddService
<LI><a href="#[a1]">&gt;&gt;</a>&nbsp;&nbsp;&nbsp;GGS_SetParameter
<LI><a href="#[a4]">&gt;&gt;</a>&nbsp;&nbsp;&nbsp;GGS_AddService
<LI><a href="#[a5]">&gt;&gt;</a>&nbsp;&nbsp;&nbsp;GATTServApp_AddService
<LI><a href="#[a2]">&gt;&gt;</a>&nbsp;&nbsp;&nbsp;GAP_SetParamValue
<LI><a href="#[a0]">&gt;&gt;</a>&nbsp;&nbsp;&nbsp;GAPRole_SetParameter
<LI><a href="#[ab]">&gt;&gt;</a>&nbsp;&nbsp;&nbsp;GAPRole_BroadcasterSetCB
<LI><a href="#[a3]">&gt;&gt;</a>&nbsp;&nbsp;&nbsp;GAPBondMgr_SetParameter
<LI><a href="#[a6]">&gt;&gt;</a>&nbsp;&nbsp;&nbsp;DevInfo_AddService
<LI><a href="#[a9]">&gt;&gt;</a>&nbsp;&nbsp;&nbsp;peripheralInitConnItem
</UL>
<BR>[Called By]<UL><LI><a href="#[2c]">&gt;&gt;</a>&nbsp;&nbsp;&nbsp;main
</UL>

<P><STRONG><a name="[2c]"></a>main</STRONG> (Thumb, 82 bytes, Stack size 0 bytes, peripheral_main.o(.text))
<BR><BR>[Stack]<UL><LI>Max Depth = 256<LI>Call Chain = main &rArr; Peripheral_Init &rArr; GAPBondMgr_SetParameter &rArr; gapBondMgrEraseAllBondings &rArr; gapBondMgrEraseBonding &rArr; tmos_snv_read &rArr; tmos_memory_free
</UL>
<BR>[Calls]<UL><LI><a href="#[b8]">&gt;&gt;</a>&nbsp;&nbsp;&nbsp;Weak_Source_Init
<LI><a href="#[b7]">&gt;&gt;</a>&nbsp;&nbsp;&nbsp;UART1_DefInit
<LI><a href="#[bc]">&gt;&gt;</a>&nbsp;&nbsp;&nbsp;TMOS_SystemProcess
<LI><a href="#[b4]">&gt;&gt;</a>&nbsp;&nbsp;&nbsp;Sleep_Init
<LI><a href="#[ba]">&gt;&gt;</a>&nbsp;&nbsp;&nbsp;HAL_Init
<LI><a href="#[b6]">&gt;&gt;</a>&nbsp;&nbsp;&nbsp;GPIOB_ModeCfg
<LI><a href="#[b5]">&gt;&gt;</a>&nbsp;&nbsp;&nbsp;GPIOA_ModeCfg
<LI><a href="#[bb]">&gt;&gt;</a>&nbsp;&nbsp;&nbsp;GAPRole_PeripheralInit
<LI><a href="#[b9]">&gt;&gt;</a>&nbsp;&nbsp;&nbsp;CH57X_BLEInit
<LI><a href="#[9e]">&gt;&gt;</a>&nbsp;&nbsp;&nbsp;Peripheral_Init
<LI><a href="#[af]">&gt;&gt;</a>&nbsp;&nbsp;&nbsp;__2printf
</UL>
<BR>[Address Reference Count : 1]<UL><LI> entry9a.o(.ARM.Collect$$$$0000000B)
</UL>
<P><STRONG><a name="[a6]"></a>DevInfo_AddService</STRONG> (Thumb, 16 bytes, Stack size 8 bytes, devinfoservice.o(.text))
<BR><BR>[Stack]<UL><LI>Max Depth = 96<LI>Call Chain = DevInfo_AddService &rArr; GATTServApp_RegisterService &rArr; GATT_RegisterService &rArr; ATT_CompareUUID &rArr; ATT_ConvertUUIDto128
</UL>
<BR>[Calls]<UL><LI><a href="#[bd]">&gt;&gt;</a>&nbsp;&nbsp;&nbsp;GATTServApp_RegisterService
</UL>
<BR>[Called By]<UL><LI><a href="#[9e]">&gt;&gt;</a>&nbsp;&nbsp;&nbsp;Peripheral_Init
</UL>

<P><STRONG><a name="[be]"></a>DevInfo_SetParameter</STRONG> (Thumb, 36 bytes, Stack size 24 bytes, devinfoservice.o(.text), UNUSED)
<BR><BR>[Calls]<UL><LI><a href="#[92]">&gt;&gt;</a>&nbsp;&nbsp;&nbsp;tmos_memcpy
</UL>

<P><STRONG><a name="[bf]"></a>DevInfo_GetParameter</STRONG> (Thumb, 144 bytes, Stack size 16 bytes, devinfoservice.o(.text), UNUSED)
<BR><BR>[Calls]<UL><LI><a href="#[92]">&gt;&gt;</a>&nbsp;&nbsp;&nbsp;tmos_memcpy
<LI><a href="#[b2]">&gt;&gt;</a>&nbsp;&nbsp;&nbsp;__ARM_common_switch8
</UL>

<P><STRONG><a name="[a7]"></a>SimpleProfile_AddService</STRONG> (Thumb, 48 bytes, Stack size 16 bytes, gattprofile.o(.text))
<BR><BR>[Stack]<UL><LI>Max Depth = 104<LI>Call Chain = SimpleProfile_AddService &rArr; GATTServApp_RegisterService &rArr; GATT_RegisterService &rArr; ATT_CompareUUID &rArr; ATT_ConvertUUIDto128
</UL>
<BR>[Calls]<UL><LI><a href="#[c2]">&gt;&gt;</a>&nbsp;&nbsp;&nbsp;linkDB_Register
<LI><a href="#[c1]">&gt;&gt;</a>&nbsp;&nbsp;&nbsp;GATTServApp_InitCharCfg
<LI><a href="#[bd]">&gt;&gt;</a>&nbsp;&nbsp;&nbsp;GATTServApp_RegisterService
</UL>
<BR>[Called By]<UL><LI><a href="#[9e]">&gt;&gt;</a>&nbsp;&nbsp;&nbsp;Peripheral_Init
</UL>

<P><STRONG><a name="[aa]"></a>SimpleProfile_RegisterAppCBs</STRONG> (Thumb, 18 bytes, Stack size 0 bytes, gattprofile.o(.text))
<BR><BR>[Called By]<UL><LI><a href="#[9e]">&gt;&gt;</a>&nbsp;&nbsp;&nbsp;Peripheral_Init
</UL>

<P><STRONG><a name="[a8]"></a>SimpleProfile_SetParameter</STRONG> (Thumb, 134 bytes, Stack size 24 bytes, gattprofile.o(.text))
<BR><BR>[Stack]<UL><LI>Max Depth = 32<LI>Call Chain = SimpleProfile_SetParameter &rArr; __ARM_common_switch8
</UL>
<BR>[Calls]<UL><LI><a href="#[92]">&gt;&gt;</a>&nbsp;&nbsp;&nbsp;tmos_memcpy
<LI><a href="#[b2]">&gt;&gt;</a>&nbsp;&nbsp;&nbsp;__ARM_common_switch8
</UL>
<BR>[Called By]<UL><LI><a href="#[9e]">&gt;&gt;</a>&nbsp;&nbsp;&nbsp;Peripheral_Init
</UL>

<P><STRONG><a name="[b3]"></a>SimpleProfile_GetParameter</STRONG> (Thumb, 92 bytes, Stack size 16 bytes, gattprofile.o(.text))
<BR><BR>[Stack]<UL><LI>Max Depth = 24<LI>Call Chain = SimpleProfile_GetParameter &rArr; __ARM_common_switch8
</UL>
<BR>[Calls]<UL><LI><a href="#[92]">&gt;&gt;</a>&nbsp;&nbsp;&nbsp;tmos_memcpy
<LI><a href="#[b2]">&gt;&gt;</a>&nbsp;&nbsp;&nbsp;__ARM_common_switch8
</UL>
<BR>[Called By]<UL><LI><a href="#[3]">&gt;&gt;</a>&nbsp;&nbsp;&nbsp;simpleProfileChangeCB
</UL>

<P><STRONG><a name="[93]"></a>simpleProfile_Notify</STRONG> (Thumb, 48 bytes, Stack size 16 bytes, gattprofile.o(.text))
<BR><BR>[Stack]<UL><LI>Max Depth = 336<LI>Call Chain = simpleProfile_Notify &rArr; GATT_Notification &rArr; ATT_HandleValueNoti &rArr; attSendMsg &rArr; SM_GenerateAuthenSig &rArr; sm_CMAC &rArr; generate_subkey &rArr; LL_Encrypt &rArr; AES128_ECB_encrypt &rArr; MixColumns
</UL>
<BR>[Calls]<UL><LI><a href="#[c4]">&gt;&gt;</a>&nbsp;&nbsp;&nbsp;GATT_Notification
<LI><a href="#[c3]">&gt;&gt;</a>&nbsp;&nbsp;&nbsp;GATTServApp_ReadCharCfg
</UL>
<BR>[Called By]<UL><LI><a href="#[90]">&gt;&gt;</a>&nbsp;&nbsp;&nbsp;peripheralChar4Notify
</UL>

<P><STRONG><a name="[12]"></a>Reset_Handler</STRONG> (Thumb, 8 bytes, Stack size 0 bytes, startup_armcm0.o(.text))
<BR>[Address Reference Count : 1]<UL><LI> startup_armcm0.o(RESET)
</UL>
<P><STRONG><a name="[14]"></a>HardFault_Handler</STRONG> (Thumb, 0 bytes, Stack size 0 bytes, startup_armcm0.o(.text))
<BR>[Address Reference Count : 1]<UL><LI> startup_armcm0.o(RESET)
</UL>
<P><STRONG><a name="[15]"></a>SVC_Handler</STRONG> (Thumb, 2 bytes, Stack size 0 bytes, startup_armcm0.o(.text))
<BR><BR>[Calls]<UL><LI><a href="#[15]">&gt;&gt;</a>&nbsp;&nbsp;&nbsp;SVC_Handler
</UL>
<BR>[Called By]<UL><LI><a href="#[15]">&gt;&gt;</a>&nbsp;&nbsp;&nbsp;SVC_Handler
</UL>
<BR>[Address Reference Count : 1]<UL><LI> startup_armcm0.o(RESET)
</UL>
<P><STRONG><a name="[16]"></a>PendSV_Handler</STRONG> (Thumb, 2 bytes, Stack size 0 bytes, startup_armcm0.o(.text))
<BR><BR>[Calls]<UL><LI><a href="#[16]">&gt;&gt;</a>&nbsp;&nbsp;&nbsp;PendSV_Handler
</UL>
<BR>[Called By]<UL><LI><a href="#[16]">&gt;&gt;</a>&nbsp;&nbsp;&nbsp;PendSV_Handler
</UL>
<BR>[Address Reference Count : 1]<UL><LI> startup_armcm0.o(RESET)
</UL>
<P><STRONG><a name="[17]"></a>SysTick_Handler</STRONG> (Thumb, 2 bytes, Stack size 0 bytes, startup_armcm0.o(.text))
<BR><BR>[Calls]<UL><LI><a href="#[17]">&gt;&gt;</a>&nbsp;&nbsp;&nbsp;SysTick_Handler
</UL>
<BR>[Called By]<UL><LI><a href="#[17]">&gt;&gt;</a>&nbsp;&nbsp;&nbsp;SysTick_Handler
</UL>
<BR>[Address Reference Count : 1]<UL><LI> startup_armcm0.o(RESET)
</UL>
<P><STRONG><a name="[25]"></a>ADC_IRQHandler</STRONG> (Thumb, 0 bytes, Stack size 0 bytes, startup_armcm0.o(.text))
<BR><BR>[Calls]<UL><LI><a href="#[25]">&gt;&gt;</a>&nbsp;&nbsp;&nbsp;ADC_IRQHandler
</UL>
<BR>[Called By]<UL><LI><a href="#[25]">&gt;&gt;</a>&nbsp;&nbsp;&nbsp;ADC_IRQHandler
</UL>
<BR>[Address Reference Count : 1]<UL><LI> startup_armcm0.o(RESET)
</UL>
<P><STRONG><a name="[1c]"></a>BB_IRQHandler</STRONG> (Thumb, 0 bytes, Stack size 0 bytes, startup_armcm0.o(.text))
<BR>[Address Reference Count : 1]<UL><LI> startup_armcm0.o(RESET)
</UL>
<P><STRONG><a name="[1f]"></a>ETH_IRQHandler</STRONG> (Thumb, 0 bytes, Stack size 0 bytes, startup_armcm0.o(.text))
<BR>[Address Reference Count : 1]<UL><LI> startup_armcm0.o(RESET)
</UL>
<P><STRONG><a name="[27]"></a>LED_IRQHandler</STRONG> (Thumb, 0 bytes, Stack size 0 bytes, startup_armcm0.o(.text))
<BR>[Address Reference Count : 1]<UL><LI> startup_armcm0.o(RESET)
</UL>
<P><STRONG><a name="[1a]"></a>SLAVE_IRQHandler</STRONG> (Thumb, 0 bytes, Stack size 0 bytes, startup_armcm0.o(.text))
<BR>[Address Reference Count : 1]<UL><LI> startup_armcm0.o(RESET)
</UL>
<P><STRONG><a name="[1b]"></a>SPI0_IRQHandler</STRONG> (Thumb, 0 bytes, Stack size 0 bytes, startup_armcm0.o(.text))
<BR>[Address Reference Count : 1]<UL><LI> startup_armcm0.o(RESET)
</UL>
<P><STRONG><a name="[26]"></a>SPI1_IRQHandler</STRONG> (Thumb, 0 bytes, Stack size 0 bytes, startup_armcm0.o(.text))
<BR>[Address Reference Count : 1]<UL><LI> startup_armcm0.o(RESET)
</UL>
<P><STRONG><a name="[18]"></a>TMR0_IRQHandler</STRONG> (Thumb, 0 bytes, Stack size 0 bytes, startup_armcm0.o(.text))
<BR>[Address Reference Count : 1]<UL><LI> startup_armcm0.o(RESET)
</UL>
<P><STRONG><a name="[20]"></a>TMR1_IRQHandler</STRONG> (Thumb, 0 bytes, Stack size 0 bytes, startup_armcm0.o(.text))
<BR>[Address Reference Count : 1]<UL><LI> startup_armcm0.o(RESET)
</UL>
<P><STRONG><a name="[21]"></a>TMR2_IRQHandler</STRONG> (Thumb, 0 bytes, Stack size 0 bytes, startup_armcm0.o(.text))
<BR>[Address Reference Count : 1]<UL><LI> startup_armcm0.o(RESET)
</UL>
<P><STRONG><a name="[28]"></a>TMR3_IRQHandler</STRONG> (Thumb, 0 bytes, Stack size 0 bytes, startup_armcm0.o(.text))
<BR>[Address Reference Count : 1]<UL><LI> startup_armcm0.o(RESET)
</UL>
<P><STRONG><a name="[22]"></a>UART0_IRQHandler</STRONG> (Thumb, 0 bytes, Stack size 0 bytes, startup_armcm0.o(.text))
<BR>[Address Reference Count : 1]<UL><LI> startup_armcm0.o(RESET)
</UL>
<P><STRONG><a name="[23]"></a>UART1_IRQHandler</STRONG> (Thumb, 0 bytes, Stack size 0 bytes, startup_armcm0.o(.text))
<BR>[Address Reference Count : 1]<UL><LI> startup_armcm0.o(RESET)
</UL>
<P><STRONG><a name="[29]"></a>UART2_IRQHandler</STRONG> (Thumb, 0 bytes, Stack size 0 bytes, startup_armcm0.o(.text))
<BR>[Address Reference Count : 1]<UL><LI> startup_armcm0.o(RESET)
</UL>
<P><STRONG><a name="[2a]"></a>UART3_IRQHandler</STRONG> (Thumb, 0 bytes, Stack size 0 bytes, startup_armcm0.o(.text))
<BR>[Address Reference Count : 1]<UL><LI> startup_armcm0.o(RESET)
</UL>
<P><STRONG><a name="[1e]"></a>USB_IRQHandler</STRONG> (Thumb, 0 bytes, Stack size 0 bytes, startup_armcm0.o(.text))
<BR>[Address Reference Count : 1]<UL><LI> startup_armcm0.o(RESET)
</UL>
<P><STRONG><a name="[2b]"></a>WDT_IRQHandler</STRONG> (Thumb, 0 bytes, Stack size 0 bytes, startup_armcm0.o(.text))
<BR>[Address Reference Count : 1]<UL><LI> startup_armcm0.o(RESET)
</UL>
<P><STRONG><a name="[2f]"></a>SystemInit</STRONG> (Thumb, 40 bytes, Stack size 8 bytes, ch57x_clk.o(.text))
<BR><BR>[Stack]<UL><LI>Max Depth = 24<LI>Call Chain = SystemInit &rArr; PowerMonitor &rArr; mDelayuS
</UL>
<BR>[Calls]<UL><LI><a href="#[c6]">&gt;&gt;</a>&nbsp;&nbsp;&nbsp;mDelayuS
<LI><a href="#[c7]">&gt;&gt;</a>&nbsp;&nbsp;&nbsp;PowerMonitor
</UL>
<BR>[Address Reference Count : 1]<UL><LI> startup_armcm0.o(.text)
</UL>
<P><STRONG><a name="[c8]"></a>SetSysClock</STRONG> (Thumb, 342 bytes, Stack size 4 bytes, ch57x_clk.o(.text))
<BR><BR>[Stack]<UL><LI>Max Depth = 12<LI>Call Chain = SetSysClock &rArr; __ARM_common_switch8
</UL>
<BR>[Calls]<UL><LI><a href="#[b2]">&gt;&gt;</a>&nbsp;&nbsp;&nbsp;__ARM_common_switch8
</UL>
<BR>[Called By]<UL><LI><a href="#[ea]">&gt;&gt;</a>&nbsp;&nbsp;&nbsp;GotoCutPower
<LI><a href="#[b4]">&gt;&gt;</a>&nbsp;&nbsp;&nbsp;Sleep_Init
</UL>

<P><STRONG><a name="[c9]"></a>GetSysClock</STRONG> (Thumb, 68 bytes, Stack size 8 bytes, ch57x_clk.o(.text))
<BR><BR>[Stack]<UL><LI>Max Depth = 36<LI>Call Chain = GetSysClock &rArr; __aeabi_idivmod &rArr; __aeabi_uidivmod
</UL>
<BR>[Calls]<UL><LI><a href="#[ca]">&gt;&gt;</a>&nbsp;&nbsp;&nbsp;__aeabi_idivmod
</UL>
<BR>[Called By]<UL><LI><a href="#[d7]">&gt;&gt;</a>&nbsp;&nbsp;&nbsp;UART1_BaudRateCfg
</UL>

<P><STRONG><a name="[369]"></a>HClk32M_Select</STRONG> (Thumb, 58 bytes, Stack size 0 bytes, ch57x_clk.o(.text), UNUSED)

<P><STRONG><a name="[36a]"></a>LClk32K_Select</STRONG> (Thumb, 56 bytes, Stack size 0 bytes, ch57x_clk.o(.text), UNUSED)

<P><STRONG><a name="[cb]"></a>Calibration_LSI</STRONG> (Thumb, 476 bytes, Stack size 56 bytes, ch57x_clk.o(.text), UNUSED)
<BR><BR>[Calls]<UL><LI><a href="#[ca]">&gt;&gt;</a>&nbsp;&nbsp;&nbsp;__aeabi_idivmod
<LI><a href="#[cc]">&gt;&gt;</a>&nbsp;&nbsp;&nbsp;__aeabi_uidivmod
</UL>

<P><STRONG><a name="[cd]"></a>RTC_InitTime</STRONG> (Thumb, 144 bytes, Stack size 48 bytes, ch57x_clk.o(.text))
<BR><BR>[Stack]<UL><LI>Max Depth = 60<LI>Call Chain = RTC_InitTime &rArr; __aeabi_uidivmod
</UL>
<BR>[Calls]<UL><LI><a href="#[cc]">&gt;&gt;</a>&nbsp;&nbsp;&nbsp;__aeabi_uidivmod
</UL>
<BR>[Called By]<UL><LI><a href="#[e4]">&gt;&gt;</a>&nbsp;&nbsp;&nbsp;HAL_TimeInit
</UL>

<P><STRONG><a name="[ce]"></a>RTC_GetTime</STRONG> (Thumb, 118 bytes, Stack size 40 bytes, ch57x_clk.o(.text), UNUSED)
<BR><BR>[Calls]<UL><LI><a href="#[cc]">&gt;&gt;</a>&nbsp;&nbsp;&nbsp;__aeabi_uidivmod
</UL>

<P><STRONG><a name="[36b]"></a>RTC_SetCycle32k</STRONG> (Thumb, 40 bytes, Stack size 0 bytes, ch57x_clk.o(.text), UNUSED)

<P><STRONG><a name="[d0]"></a>RTC_GetCycle32k</STRONG> (Thumb, 16 bytes, Stack size 0 bytes, ch57x_clk.o(.text), UNUSED)
<BR><BR>[Called By]<UL><LI><a href="#[cf]">&gt;&gt;</a>&nbsp;&nbsp;&nbsp;RTC_TRIGFunCfg
</UL>

<P><STRONG><a name="[36c]"></a>RTC_TMRFunCfg</STRONG> (Thumb, 50 bytes, Stack size 0 bytes, ch57x_clk.o(.text), UNUSED)

<P><STRONG><a name="[cf]"></a>RTC_TRIGFunCfg</STRONG> (Thumb, 62 bytes, Stack size 4 bytes, ch57x_clk.o(.text), UNUSED)
<BR><BR>[Calls]<UL><LI><a href="#[d0]">&gt;&gt;</a>&nbsp;&nbsp;&nbsp;RTC_GetCycle32k
</UL>

<P><STRONG><a name="[36d]"></a>RTC_ModeFunDisable</STRONG> (Thumb, 52 bytes, Stack size 0 bytes, ch57x_clk.o(.text), UNUSED)

<P><STRONG><a name="[36e]"></a>RTC_GetITFlag</STRONG> (Thumb, 30 bytes, Stack size 0 bytes, ch57x_clk.o(.text), UNUSED)

<P><STRONG><a name="[36f]"></a>RTC_ClearITFlag</STRONG> (Thumb, 36 bytes, Stack size 0 bytes, ch57x_clk.o(.text), UNUSED)

<P><STRONG><a name="[b5]"></a>GPIOA_ModeCfg</STRONG> (Thumb, 146 bytes, Stack size 4 bytes, ch57x_gpio.o(.text))
<BR><BR>[Stack]<UL><LI>Max Depth = 12<LI>Call Chain = GPIOA_ModeCfg &rArr; __ARM_common_switch8
</UL>
<BR>[Calls]<UL><LI><a href="#[b2]">&gt;&gt;</a>&nbsp;&nbsp;&nbsp;__ARM_common_switch8
</UL>
<BR>[Called By]<UL><LI><a href="#[ea]">&gt;&gt;</a>&nbsp;&nbsp;&nbsp;GotoCutPower
<LI><a href="#[b8]">&gt;&gt;</a>&nbsp;&nbsp;&nbsp;Weak_Source_Init
<LI><a href="#[b4]">&gt;&gt;</a>&nbsp;&nbsp;&nbsp;Sleep_Init
<LI><a href="#[2c]">&gt;&gt;</a>&nbsp;&nbsp;&nbsp;main
</UL>

<P><STRONG><a name="[b6]"></a>GPIOB_ModeCfg</STRONG> (Thumb, 166 bytes, Stack size 4 bytes, ch57x_gpio.o(.text))
<BR><BR>[Stack]<UL><LI>Max Depth = 12<LI>Call Chain = GPIOB_ModeCfg &rArr; __ARM_common_switch8
</UL>
<BR>[Calls]<UL><LI><a href="#[b2]">&gt;&gt;</a>&nbsp;&nbsp;&nbsp;__ARM_common_switch8
</UL>
<BR>[Called By]<UL><LI><a href="#[ea]">&gt;&gt;</a>&nbsp;&nbsp;&nbsp;GotoCutPower
<LI><a href="#[b4]">&gt;&gt;</a>&nbsp;&nbsp;&nbsp;Sleep_Init
<LI><a href="#[2c]">&gt;&gt;</a>&nbsp;&nbsp;&nbsp;main
</UL>

<P><STRONG><a name="[eb]"></a>GPIOA_ITModeCfg</STRONG> (Thumb, 116 bytes, Stack size 0 bytes, ch57x_gpio.o(.text))
<BR><BR>[Called By]<UL><LI><a href="#[b8]">&gt;&gt;</a>&nbsp;&nbsp;&nbsp;Weak_Source_Init
</UL>

<P><STRONG><a name="[370]"></a>GPIOB_ITModeCfg</STRONG> (Thumb, 140 bytes, Stack size 0 bytes, ch57x_gpio.o(.text), UNUSED)

<P><STRONG><a name="[371]"></a>GPIOPinRemap</STRONG> (Thumb, 36 bytes, Stack size 0 bytes, ch57x_gpio.o(.text), UNUSED)

<P><STRONG><a name="[372]"></a>GPIOAGPPCfg</STRONG> (Thumb, 36 bytes, Stack size 0 bytes, ch57x_gpio.o(.text), UNUSED)

<P><STRONG><a name="[13]"></a>NMI_Handler</STRONG> (Thumb, 56 bytes, Stack size 0 bytes, ch57x_int.o(.text))
<BR>[Address Reference Count : 1]<UL><LI> startup_armcm0.o(RESET)
</UL>
<P><STRONG><a name="[d1]"></a>PWR_DCDCCfg</STRONG> (Thumb, 110 bytes, Stack size 8 bytes, ch57x_pwr.o(.text), UNUSED)
<BR><BR>[Calls]<UL><LI><a href="#[c6]">&gt;&gt;</a>&nbsp;&nbsp;&nbsp;mDelayuS
</UL>

<P><STRONG><a name="[373]"></a>PWR_UnitModCfg</STRONG> (Thumb, 154 bytes, Stack size 0 bytes, ch57x_pwr.o(.text), UNUSED)

<P><STRONG><a name="[374]"></a>PWR_PeriphClkCfg</STRONG> (Thumb, 62 bytes, Stack size 0 bytes, ch57x_pwr.o(.text), UNUSED)

<P><STRONG><a name="[ec]"></a>PWR_PeriphWakeUpCfg</STRONG> (Thumb, 62 bytes, Stack size 0 bytes, ch57x_pwr.o(.text))
<BR><BR>[Called By]<UL><LI><a href="#[b8]">&gt;&gt;</a>&nbsp;&nbsp;&nbsp;Weak_Source_Init
</UL>

<P><STRONG><a name="[c7]"></a>PowerMonitor</STRONG> (Thumb, 90 bytes, Stack size 8 bytes, ch57x_pwr.o(.text))
<BR><BR>[Stack]<UL><LI>Max Depth = 16<LI>Call Chain = PowerMonitor &rArr; mDelayuS
</UL>
<BR>[Calls]<UL><LI><a href="#[c6]">&gt;&gt;</a>&nbsp;&nbsp;&nbsp;mDelayuS
</UL>
<BR>[Called By]<UL><LI><a href="#[d5]">&gt;&gt;</a>&nbsp;&nbsp;&nbsp;LowPower_Shutdown
<LI><a href="#[d4]">&gt;&gt;</a>&nbsp;&nbsp;&nbsp;LowPower_Sleep
<LI><a href="#[d3]">&gt;&gt;</a>&nbsp;&nbsp;&nbsp;LowPower_Halt_2
<LI><a href="#[d2]">&gt;&gt;</a>&nbsp;&nbsp;&nbsp;LowPower_Halt_1
<LI><a href="#[2f]">&gt;&gt;</a>&nbsp;&nbsp;&nbsp;SystemInit
</UL>

<P><STRONG><a name="[375]"></a>LowPower_Idle</STRONG> (Thumb, 16 bytes, Stack size 0 bytes, ch57x_pwr.o(.text), UNUSED)

<P><STRONG><a name="[d2]"></a>LowPower_Halt_1</STRONG> (Thumb, 122 bytes, Stack size 8 bytes, ch57x_pwr.o(.text), UNUSED)
<BR><BR>[Calls]<UL><LI><a href="#[c7]">&gt;&gt;</a>&nbsp;&nbsp;&nbsp;PowerMonitor
</UL>

<P><STRONG><a name="[d3]"></a>LowPower_Halt_2</STRONG> (Thumb, 122 bytes, Stack size 8 bytes, ch57x_pwr.o(.text), UNUSED)
<BR><BR>[Calls]<UL><LI><a href="#[c7]">&gt;&gt;</a>&nbsp;&nbsp;&nbsp;PowerMonitor
</UL>

<P><STRONG><a name="[d4]"></a>LowPower_Sleep</STRONG> (Thumb, 130 bytes, Stack size 16 bytes, ch57x_pwr.o(.text), UNUSED)
<BR><BR>[Calls]<UL><LI><a href="#[c7]">&gt;&gt;</a>&nbsp;&nbsp;&nbsp;PowerMonitor
</UL>

<P><STRONG><a name="[d5]"></a>LowPower_Shutdown</STRONG> (Thumb, 144 bytes, Stack size 16 bytes, ch57x_pwr.o(.text), UNUSED)
<BR><BR>[Calls]<UL><LI><a href="#[c7]">&gt;&gt;</a>&nbsp;&nbsp;&nbsp;PowerMonitor
</UL>
<BR>[Called By]<UL><LI><a href="#[ea]">&gt;&gt;</a>&nbsp;&nbsp;&nbsp;GotoCutPower
</UL>

<P><STRONG><a name="[376]"></a>EnterCodeUpgrade</STRONG> (Thumb, 154 bytes, Stack size 0 bytes, ch57x_pwr.o(.text), UNUSED)

<P><STRONG><a name="[377]"></a>SYS_GetInfoSta</STRONG> (Thumb, 28 bytes, Stack size 0 bytes, ch57x_sys.o(.text), UNUSED)

<P><STRONG><a name="[378]"></a>SYS_ResetExecute</STRONG> (Thumb, 28 bytes, Stack size 0 bytes, ch57x_sys.o(.text), UNUSED)

<P><STRONG><a name="[379]"></a>SYS_DisableAllIrq</STRONG> (Thumb, 18 bytes, Stack size 0 bytes, ch57x_sys.o(.text), UNUSED)

<P><STRONG><a name="[37a]"></a>SYS_RecoverIrq</STRONG> (Thumb, 6 bytes, Stack size 0 bytes, ch57x_sys.o(.text), UNUSED)

<P><STRONG><a name="[32]"></a>SYS_GetSysTickCnt</STRONG> (Thumb, 6 bytes, Stack size 0 bytes, ch57x_sys.o(.text))
<BR>[Address Reference Count : 1]<UL><LI> mcu.o(.text)
</UL>
<P><STRONG><a name="[37b]"></a>WWDG_ITCfg</STRONG> (Thumb, 48 bytes, Stack size 0 bytes, ch57x_sys.o(.text), UNUSED)

<P><STRONG><a name="[37c]"></a>WWDG_ResetCfg</STRONG> (Thumb, 48 bytes, Stack size 0 bytes, ch57x_sys.o(.text), UNUSED)

<P><STRONG><a name="[37d]"></a>WWDG_ClearFlag</STRONG> (Thumb, 28 bytes, Stack size 0 bytes, ch57x_sys.o(.text), UNUSED)

<P><STRONG><a name="[c6]"></a>mDelayuS</STRONG> (Thumb, 34 bytes, Stack size 8 bytes, ch57x_sys.o(.text))
<BR><BR>[Stack]<UL><LI>Max Depth = 8<LI>Call Chain = mDelayuS
</UL>
<BR>[Called By]<UL><LI><a href="#[d6]">&gt;&gt;</a>&nbsp;&nbsp;&nbsp;mDelaymS
<LI><a href="#[d1]">&gt;&gt;</a>&nbsp;&nbsp;&nbsp;PWR_DCDCCfg
<LI><a href="#[c7]">&gt;&gt;</a>&nbsp;&nbsp;&nbsp;PowerMonitor
<LI><a href="#[2f]">&gt;&gt;</a>&nbsp;&nbsp;&nbsp;SystemInit
</UL>

<P><STRONG><a name="[d6]"></a>mDelaymS</STRONG> (Thumb, 26 bytes, Stack size 12 bytes, ch57x_sys.o(.text), UNUSED)
<BR><BR>[Calls]<UL><LI><a href="#[c6]">&gt;&gt;</a>&nbsp;&nbsp;&nbsp;mDelayuS
</UL>
<BR>[Called By]<UL><LI><a href="#[ea]">&gt;&gt;</a>&nbsp;&nbsp;&nbsp;GotoCutPower
</UL>

<P><STRONG><a name="[63]"></a>fputc</STRONG> (Thumb, 16 bytes, Stack size 0 bytes, ch57x_sys.o(.text))
<BR>[Address Reference Count : 1]<UL><LI> printf5.o(i.__0printf$5)
</UL>
<P><STRONG><a name="[d7]"></a>UART1_BaudRateCfg</STRONG> (Thumb, 40 bytes, Stack size 16 bytes, ch57x_uart1.o(.text))
<BR><BR>[Stack]<UL><LI>Max Depth = 52<LI>Call Chain = UART1_BaudRateCfg &rArr; GetSysClock &rArr; __aeabi_idivmod &rArr; __aeabi_uidivmod
</UL>
<BR>[Calls]<UL><LI><a href="#[c9]">&gt;&gt;</a>&nbsp;&nbsp;&nbsp;GetSysClock
<LI><a href="#[cc]">&gt;&gt;</a>&nbsp;&nbsp;&nbsp;__aeabi_uidivmod
</UL>
<BR>[Called By]<UL><LI><a href="#[b7]">&gt;&gt;</a>&nbsp;&nbsp;&nbsp;UART1_DefInit
</UL>

<P><STRONG><a name="[b7]"></a>UART1_DefInit</STRONG> (Thumb, 30 bytes, Stack size 8 bytes, ch57x_uart1.o(.text))
<BR><BR>[Stack]<UL><LI>Max Depth = 60<LI>Call Chain = UART1_DefInit &rArr; UART1_BaudRateCfg &rArr; GetSysClock &rArr; __aeabi_idivmod &rArr; __aeabi_uidivmod
</UL>
<BR>[Calls]<UL><LI><a href="#[d7]">&gt;&gt;</a>&nbsp;&nbsp;&nbsp;UART1_BaudRateCfg
</UL>
<BR>[Called By]<UL><LI><a href="#[2c]">&gt;&gt;</a>&nbsp;&nbsp;&nbsp;main
</UL>

<P><STRONG><a name="[37e]"></a>UART1_ByteTrigCfg</STRONG> (Thumb, 18 bytes, Stack size 0 bytes, ch57x_uart1.o(.text), UNUSED)

<P><STRONG><a name="[37f]"></a>UART1_INTCfg</STRONG> (Thumb, 40 bytes, Stack size 0 bytes, ch57x_uart1.o(.text), UNUSED)

<P><STRONG><a name="[380]"></a>UART1_Reset</STRONG> (Thumb, 8 bytes, Stack size 0 bytes, ch57x_uart1.o(.text), UNUSED)

<P><STRONG><a name="[381]"></a>UART1_SendString</STRONG> (Thumb, 32 bytes, Stack size 8 bytes, ch57x_uart1.o(.text), UNUSED)

<P><STRONG><a name="[382]"></a>UART1_RecvString</STRONG> (Thumb, 28 bytes, Stack size 0 bytes, ch57x_uart1.o(.text), UNUSED)

<P><STRONG><a name="[d8]"></a>HalKeyConfig</STRONG> (Thumb, 62 bytes, Stack size 16 bytes, key.o(.text))
<BR><BR>[Stack]<UL><LI>Max Depth = 40<LI>Call Chain = HalKeyConfig &rArr; tmos_start_task &rArr; tmos_memory_allocate
</UL>
<BR>[Calls]<UL><LI><a href="#[b1]">&gt;&gt;</a>&nbsp;&nbsp;&nbsp;tmos_stop_task
<LI><a href="#[9b]">&gt;&gt;</a>&nbsp;&nbsp;&nbsp;tmos_start_task
</UL>
<BR>[Called By]<UL><LI><a href="#[d9]">&gt;&gt;</a>&nbsp;&nbsp;&nbsp;HAL_KeyInit
</UL>

<P><STRONG><a name="[d9]"></a>HAL_KeyInit</STRONG> (Thumb, 52 bytes, Stack size 8 bytes, key.o(.text))
<BR><BR>[Stack]<UL><LI>Max Depth = 48<LI>Call Chain = HAL_KeyInit &rArr; HalKeyConfig &rArr; tmos_start_task &rArr; tmos_memory_allocate
</UL>
<BR>[Calls]<UL><LI><a href="#[d8]">&gt;&gt;</a>&nbsp;&nbsp;&nbsp;HalKeyConfig
</UL>
<BR>[Called By]<UL><LI><a href="#[ba]">&gt;&gt;</a>&nbsp;&nbsp;&nbsp;HAL_Init
</UL>

<P><STRONG><a name="[383]"></a>HAL_KEY_RegisterForKeys</STRONG> (Thumb, 6 bytes, Stack size 0 bytes, key.o(.text), UNUSED)

<P><STRONG><a name="[da]"></a>OnBoard_SendKeys</STRONG> (Thumb, 52 bytes, Stack size 16 bytes, key.o(.text))
<BR><BR>[Stack]<UL><LI>Max Depth = 48<LI>Call Chain = OnBoard_SendKeys &rArr; tmos_msg_send &rArr; tmos_msg_deallocate &rArr; tmos_memory_free
</UL>
<BR>[Calls]<UL><LI><a href="#[dc]">&gt;&gt;</a>&nbsp;&nbsp;&nbsp;tmos_msg_send
<LI><a href="#[db]">&gt;&gt;</a>&nbsp;&nbsp;&nbsp;tmos_msg_allocate
</UL>
<BR>[Called By]<UL><LI><a href="#[31]">&gt;&gt;</a>&nbsp;&nbsp;&nbsp;HalKeyCallback
</UL>

<P><STRONG><a name="[384]"></a>HalKeyRead</STRONG> (Thumb, 22 bytes, Stack size 0 bytes, key.o(.text), UNUSED)

<P><STRONG><a name="[e1]"></a>HAL_KeyPoll</STRONG> (Thumb, 70 bytes, Stack size 8 bytes, key.o(.text))
<BR><BR>[Stack]<UL><LI>Max Depth = 8<LI>Call Chain = HAL_KeyPoll
</UL>
<BR>[Called By]<UL><LI><a href="#[34]">&gt;&gt;</a>&nbsp;&nbsp;&nbsp;HAL_ProcessEvent
</UL>

<P><STRONG><a name="[33]"></a>HAL_GetInterTempValue</STRONG> (Thumb, 66 bytes, Stack size 12 bytes, mcu.o(.text))
<BR><BR>[Stack]<UL><LI>Max Depth = 12<LI>Call Chain = HAL_GetInterTempValue
</UL>
<BR>[Address Reference Count : 1]<UL><LI> mcu.o(.text)
</UL>
<P><STRONG><a name="[b9]"></a>CH57X_BLEInit</STRONG> (Thumb, 212 bytes, Stack size 64 bytes, mcu.o(.text))
<BR><BR>[Stack]<UL><LI>Max Depth = 144<LI>Call Chain = CH57X_BLEInit &rArr; BLE_LibInit &rArr; TMOS_Init &rArr; tmos_snv_init &rArr; tmos_snv_clear &rArr; tmos_memory_free
</UL>
<BR>[Calls]<UL><LI><a href="#[df]">&gt;&gt;</a>&nbsp;&nbsp;&nbsp;tmos_memset
<LI><a href="#[dd]">&gt;&gt;</a>&nbsp;&nbsp;&nbsp;tmos_memcmp
<LI><a href="#[e0]">&gt;&gt;</a>&nbsp;&nbsp;&nbsp;BLE_LibInit
<LI><a href="#[de]">&gt;&gt;</a>&nbsp;&nbsp;&nbsp;NVIC_SetPriority
<LI><a href="#[af]">&gt;&gt;</a>&nbsp;&nbsp;&nbsp;__2printf
</UL>
<BR>[Called By]<UL><LI><a href="#[2c]">&gt;&gt;</a>&nbsp;&nbsp;&nbsp;main
</UL>

<P><STRONG><a name="[34]"></a>HAL_ProcessEvent</STRONG> (Thumb, 320 bytes, Stack size 24 bytes, mcu.o(.text))
<BR><BR>[Stack]<UL><LI>Max Depth = 80<LI>Call Chain = HAL_ProcessEvent &rArr; ConsumeHeat &rArr; __aeabi_fmul
</UL>
<BR>[Calls]<UL><LI><a href="#[e2]">&gt;&gt;</a>&nbsp;&nbsp;&nbsp;__aeabi_ui2f
<LI><a href="#[e3]">&gt;&gt;</a>&nbsp;&nbsp;&nbsp;ConsumeHeat
<LI><a href="#[e1]">&gt;&gt;</a>&nbsp;&nbsp;&nbsp;HAL_KeyPoll
<LI><a href="#[9b]">&gt;&gt;</a>&nbsp;&nbsp;&nbsp;tmos_start_task
<LI><a href="#[97]">&gt;&gt;</a>&nbsp;&nbsp;&nbsp;tmos_msg_receive
<LI><a href="#[99]">&gt;&gt;</a>&nbsp;&nbsp;&nbsp;tmos_msg_deallocate
</UL>
<BR>[Address Reference Count : 1]<UL><LI> mcu.o(.text)
</UL>
<P><STRONG><a name="[ba]"></a>HAL_Init</STRONG> (Thumb, 46 bytes, Stack size 8 bytes, mcu.o(.text))
<BR><BR>[Stack]<UL><LI>Max Depth = 76<LI>Call Chain = HAL_Init &rArr; HAL_TimeInit &rArr; RTC_InitTime &rArr; __aeabi_uidivmod
</UL>
<BR>[Calls]<UL><LI><a href="#[e4]">&gt;&gt;</a>&nbsp;&nbsp;&nbsp;HAL_TimeInit
<LI><a href="#[d9]">&gt;&gt;</a>&nbsp;&nbsp;&nbsp;HAL_KeyInit
<LI><a href="#[9b]">&gt;&gt;</a>&nbsp;&nbsp;&nbsp;tmos_start_task
<LI><a href="#[9f]">&gt;&gt;</a>&nbsp;&nbsp;&nbsp;TMOS_ProcessEventRegister
</UL>
<BR>[Called By]<UL><LI><a href="#[2c]">&gt;&gt;</a>&nbsp;&nbsp;&nbsp;main
</UL>

<P><STRONG><a name="[1d]"></a>LLE_IRQHandler</STRONG> (Thumb, 8 bytes, Stack size 8 bytes, mcu.o(.text))
<BR><BR>[Stack]<UL><LI>Max Depth = 28<LI>Call Chain = LLE_IRQHandler &rArr; BLE_IRQHandler
</UL>
<BR>[Calls]<UL><LI><a href="#[e5]">&gt;&gt;</a>&nbsp;&nbsp;&nbsp;BLE_IRQHandler
</UL>
<BR>[Address Reference Count : 1]<UL><LI> startup_armcm0.o(RESET)
</UL>
<P><STRONG><a name="[31]"></a>HalKeyCallback</STRONG> (Thumb, 88 bytes, Stack size 16 bytes, mcu.o(.text))
<BR><BR>[Stack]<UL><LI>Max Depth = 64<LI>Call Chain = HalKeyCallback &rArr; OnBoard_SendKeys &rArr; tmos_msg_send &rArr; tmos_msg_deallocate &rArr; tmos_memory_free
</UL>
<BR>[Calls]<UL><LI><a href="#[da]">&gt;&gt;</a>&nbsp;&nbsp;&nbsp;OnBoard_SendKeys
<LI><a href="#[af]">&gt;&gt;</a>&nbsp;&nbsp;&nbsp;__2printf
</UL>
<BR>[Address Reference Count : 1]<UL><LI> key.o(.text)
</UL>
<P><STRONG><a name="[19]"></a>GPIO_IRQHandler</STRONG> (Thumb, 12 bytes, Stack size 0 bytes, mcu.o(.text))
<BR>[Address Reference Count : 1]<UL><LI> startup_armcm0.o(RESET)
</UL>
<P><STRONG><a name="[385]"></a>RTC_SetTignTime</STRONG> (Thumb, 36 bytes, Stack size 0 bytes, rtc.o(.text), UNUSED)

<P><STRONG><a name="[24]"></a>RTC_IRQHandler</STRONG> (Thumb, 16 bytes, Stack size 0 bytes, rtc.o(.text))
<BR>[Address Reference Count : 1]<UL><LI> startup_armcm0.o(RESET)
</UL>
<P><STRONG><a name="[e4]"></a>HAL_TimeInit</STRONG> (Thumb, 52 bytes, Stack size 8 bytes, rtc.o(.text))
<BR><BR>[Stack]<UL><LI>Max Depth = 68<LI>Call Chain = HAL_TimeInit &rArr; RTC_InitTime &rArr; __aeabi_uidivmod
</UL>
<BR>[Calls]<UL><LI><a href="#[e6]">&gt;&gt;</a>&nbsp;&nbsp;&nbsp;TMOS_TimerInit
<LI><a href="#[cd]">&gt;&gt;</a>&nbsp;&nbsp;&nbsp;RTC_InitTime
</UL>
<BR>[Called By]<UL><LI><a href="#[ba]">&gt;&gt;</a>&nbsp;&nbsp;&nbsp;HAL_Init
</UL>

<P><STRONG><a name="[e3]"></a>ConsumeHeat</STRONG> (Thumb, 62 bytes, Stack size 40 bytes, dataprocessing.o(.text))
<BR><BR>[Stack]<UL><LI>Max Depth = 56<LI>Call Chain = ConsumeHeat &rArr; __aeabi_fmul
</UL>
<BR>[Calls]<UL><LI><a href="#[e7]">&gt;&gt;</a>&nbsp;&nbsp;&nbsp;__aeabi_fmul
<LI><a href="#[e8]">&gt;&gt;</a>&nbsp;&nbsp;&nbsp;__aeabi_fdiv
<LI><a href="#[e9]">&gt;&gt;</a>&nbsp;&nbsp;&nbsp;__aeabi_f2uiz
</UL>
<BR>[Called By]<UL><LI><a href="#[34]">&gt;&gt;</a>&nbsp;&nbsp;&nbsp;HAL_ProcessEvent
</UL>

<P><STRONG><a name="[ea]"></a>GotoCutPower</STRONG> (Thumb, 58 bytes, Stack size 8 bytes, dataprocessing.o(.text), UNUSED)
<BR><BR>[Calls]<UL><LI><a href="#[d6]">&gt;&gt;</a>&nbsp;&nbsp;&nbsp;mDelaymS
<LI><a href="#[d5]">&gt;&gt;</a>&nbsp;&nbsp;&nbsp;LowPower_Shutdown
<LI><a href="#[c8]">&gt;&gt;</a>&nbsp;&nbsp;&nbsp;SetSysClock
<LI><a href="#[b6]">&gt;&gt;</a>&nbsp;&nbsp;&nbsp;GPIOB_ModeCfg
<LI><a href="#[b5]">&gt;&gt;</a>&nbsp;&nbsp;&nbsp;GPIOA_ModeCfg
<LI><a href="#[af]">&gt;&gt;</a>&nbsp;&nbsp;&nbsp;__2printf
</UL>

<P><STRONG><a name="[b4]"></a>Sleep_Init</STRONG> (Thumb, 26 bytes, Stack size 8 bytes, dataprocessing.o(.text))
<BR><BR>[Stack]<UL><LI>Max Depth = 20<LI>Call Chain = Sleep_Init &rArr; SetSysClock &rArr; __ARM_common_switch8
</UL>
<BR>[Calls]<UL><LI><a href="#[c8]">&gt;&gt;</a>&nbsp;&nbsp;&nbsp;SetSysClock
<LI><a href="#[b6]">&gt;&gt;</a>&nbsp;&nbsp;&nbsp;GPIOB_ModeCfg
<LI><a href="#[b5]">&gt;&gt;</a>&nbsp;&nbsp;&nbsp;GPIOA_ModeCfg
</UL>
<BR>[Called By]<UL><LI><a href="#[2c]">&gt;&gt;</a>&nbsp;&nbsp;&nbsp;main
</UL>

<P><STRONG><a name="[b8]"></a>Weak_Source_Init</STRONG> (Thumb, 38 bytes, Stack size 8 bytes, dataprocessing.o(.text))
<BR><BR>[Stack]<UL><LI>Max Depth = 20<LI>Call Chain = Weak_Source_Init &rArr; GPIOA_ModeCfg &rArr; __ARM_common_switch8
</UL>
<BR>[Calls]<UL><LI><a href="#[ec]">&gt;&gt;</a>&nbsp;&nbsp;&nbsp;PWR_PeriphWakeUpCfg
<LI><a href="#[eb]">&gt;&gt;</a>&nbsp;&nbsp;&nbsp;GPIOA_ITModeCfg
<LI><a href="#[b5]">&gt;&gt;</a>&nbsp;&nbsp;&nbsp;GPIOA_ModeCfg
</UL>
<BR>[Called By]<UL><LI><a href="#[2c]">&gt;&gt;</a>&nbsp;&nbsp;&nbsp;main
</UL>

<P><STRONG><a name="[386]"></a>__aeabi_uidiv</STRONG> (Thumb, 0 bytes, Stack size 12 bytes, uidiv.o(.text), UNUSED)

<P><STRONG><a name="[cc]"></a>__aeabi_uidivmod</STRONG> (Thumb, 44 bytes, Stack size 12 bytes, uidiv.o(.text))
<BR><BR>[Stack]<UL><LI>Max Depth = 12<LI>Call Chain = __aeabi_uidivmod
</UL>
<BR>[Called By]<UL><LI><a href="#[d7]">&gt;&gt;</a>&nbsp;&nbsp;&nbsp;UART1_BaudRateCfg
<LI><a href="#[ce]">&gt;&gt;</a>&nbsp;&nbsp;&nbsp;RTC_GetTime
<LI><a href="#[cd]">&gt;&gt;</a>&nbsp;&nbsp;&nbsp;RTC_InitTime
<LI><a href="#[cb]">&gt;&gt;</a>&nbsp;&nbsp;&nbsp;Calibration_LSI
<LI><a href="#[2c6]">&gt;&gt;</a>&nbsp;&nbsp;&nbsp;gattServApp_ProcessReadByTypeReq
<LI><a href="#[2c8]">&gt;&gt;</a>&nbsp;&nbsp;&nbsp;gattServApp_ProcessReadByGrpTypeReq
<LI><a href="#[7d]">&gt;&gt;</a>&nbsp;&nbsp;&nbsp;gattProcessFindInfoReq
<LI><a href="#[255]">&gt;&gt;</a>&nbsp;&nbsp;&nbsp;LL_HopGetChannel
<LI><a href="#[327]">&gt;&gt;</a>&nbsp;&nbsp;&nbsp;ll_slave_check_connect_point
<LI><a href="#[241]">&gt;&gt;</a>&nbsp;&nbsp;&nbsp;ll_connect_update_get_offset
<LI><a href="#[304]">&gt;&gt;</a>&nbsp;&nbsp;&nbsp;ll_connect_init_pingOffset
<LI><a href="#[312]">&gt;&gt;</a>&nbsp;&nbsp;&nbsp;ll_connect_change_connect_point
<LI><a href="#[2e3]">&gt;&gt;</a>&nbsp;&nbsp;&nbsp;l2capStartTimer
<LI><a href="#[11c]">&gt;&gt;</a>&nbsp;&nbsp;&nbsp;LL_RemoteConnParamReqReply
<LI><a href="#[ca]">&gt;&gt;</a>&nbsp;&nbsp;&nbsp;__aeabi_idivmod
</UL>

<P><STRONG><a name="[387]"></a>__aeabi_idiv</STRONG> (Thumb, 0 bytes, Stack size 16 bytes, idiv.o(.text), UNUSED)

<P><STRONG><a name="[ca]"></a>__aeabi_idivmod</STRONG> (Thumb, 40 bytes, Stack size 16 bytes, idiv.o(.text))
<BR><BR>[Stack]<UL><LI>Max Depth = 28<LI>Call Chain = __aeabi_idivmod &rArr; __aeabi_uidivmod
</UL>
<BR>[Calls]<UL><LI><a href="#[cc]">&gt;&gt;</a>&nbsp;&nbsp;&nbsp;__aeabi_uidivmod
</UL>
<BR>[Called By]<UL><LI><a href="#[cb]">&gt;&gt;</a>&nbsp;&nbsp;&nbsp;Calibration_LSI
<LI><a href="#[c9]">&gt;&gt;</a>&nbsp;&nbsp;&nbsp;GetSysClock
<LI><a href="#[155]">&gt;&gt;</a>&nbsp;&nbsp;&nbsp;RFEND_TXCtune
<LI><a href="#[304]">&gt;&gt;</a>&nbsp;&nbsp;&nbsp;ll_connect_init_pingOffset
<LI><a href="#[2a5]">&gt;&gt;</a>&nbsp;&nbsp;&nbsp;gapWriteAdvEnableStatus
<LI><a href="#[4d]">&gt;&gt;</a>&nbsp;&nbsp;&nbsp;gapProcessAdvertisingEvt
<LI><a href="#[2dc]">&gt;&gt;</a>&nbsp;&nbsp;&nbsp;l2capNotifyCreditEvt
</UL>

<P><STRONG><a name="[ed]"></a>__aeabi_lmul</STRONG> (Thumb, 122 bytes, Stack size 64 bytes, llmul.o(.text))
<BR><BR>[Stack]<UL><LI>Max Depth = 72<LI>Call Chain = __aeabi_lmul &rArr; __aeabi_llsl
</UL>
<BR>[Calls]<UL><LI><a href="#[ee]">&gt;&gt;</a>&nbsp;&nbsp;&nbsp;__aeabi_llsl
</UL>
<BR>[Called By]<UL><LI><a href="#[25f]">&gt;&gt;</a>&nbsp;&nbsp;&nbsp;ble_ll_common_rand8
<LI><a href="#[232]">&gt;&gt;</a>&nbsp;&nbsp;&nbsp;ble_ll_common_rand32
<LI><a href="#[23f]">&gt;&gt;</a>&nbsp;&nbsp;&nbsp;ble_ll_common_rand16
</UL>

<P><STRONG><a name="[388]"></a>_ll_mul</STRONG> (Thumb, 0 bytes, Stack size 64 bytes, llmul.o(.text), UNUSED)

<P><STRONG><a name="[ee]"></a>__aeabi_llsl</STRONG> (Thumb, 32 bytes, Stack size 8 bytes, llshl.o(.text))
<BR><BR>[Stack]<UL><LI>Max Depth = 8<LI>Call Chain = __aeabi_llsl
</UL>
<BR>[Called By]<UL><LI><a href="#[255]">&gt;&gt;</a>&nbsp;&nbsp;&nbsp;LL_HopGetChannel
<LI><a href="#[ed]">&gt;&gt;</a>&nbsp;&nbsp;&nbsp;__aeabi_lmul
<LI><a href="#[f4]">&gt;&gt;</a>&nbsp;&nbsp;&nbsp;__aeabi_uldivmod
</UL>

<P><STRONG><a name="[389]"></a>_ll_shift_l</STRONG> (Thumb, 0 bytes, Stack size 8 bytes, llshl.o(.text), UNUSED)

<P><STRONG><a name="[1ee]"></a>__aeabi_memcpy</STRONG> (Thumb, 36 bytes, Stack size 0 bytes, memcpya.o(.text))
<BR><BR>[Called By]<UL><LI><a href="#[a1]">&gt;&gt;</a>&nbsp;&nbsp;&nbsp;GGS_SetParameter
<LI><a href="#[306]">&gt;&gt;</a>&nbsp;&nbsp;&nbsp;ll_advertise_filter
</UL>

<P><STRONG><a name="[38a]"></a>__aeabi_memcpy4</STRONG> (Thumb, 0 bytes, Stack size 0 bytes, memcpya.o(.text), UNUSED)

<P><STRONG><a name="[38b]"></a>__aeabi_memcpy8</STRONG> (Thumb, 0 bytes, Stack size 0 bytes, memcpya.o(.text), UNUSED)

<P><STRONG><a name="[f0]"></a>__aeabi_memset</STRONG> (Thumb, 14 bytes, Stack size 0 bytes, memseta.o(.text), UNUSED)
<BR><BR>[Called By]<UL><LI><a href="#[f1]">&gt;&gt;</a>&nbsp;&nbsp;&nbsp;_memset$wrapper
<LI><a href="#[ef]">&gt;&gt;</a>&nbsp;&nbsp;&nbsp;__aeabi_memclr
</UL>

<P><STRONG><a name="[38c]"></a>__aeabi_memset4</STRONG> (Thumb, 0 bytes, Stack size 0 bytes, memseta.o(.text), UNUSED)

<P><STRONG><a name="[38d]"></a>__aeabi_memset8</STRONG> (Thumb, 0 bytes, Stack size 0 bytes, memseta.o(.text), UNUSED)

<P><STRONG><a name="[ef]"></a>__aeabi_memclr</STRONG> (Thumb, 4 bytes, Stack size 0 bytes, memseta.o(.text), UNUSED)
<BR><BR>[Calls]<UL><LI><a href="#[f0]">&gt;&gt;</a>&nbsp;&nbsp;&nbsp;__aeabi_memset
</UL>

<P><STRONG><a name="[96]"></a>__aeabi_memclr4</STRONG> (Thumb, 0 bytes, Stack size 0 bytes, memseta.o(.text))
<BR><BR>[Called By]<UL><LI><a href="#[95]">&gt;&gt;</a>&nbsp;&nbsp;&nbsp;performPeriodicTask
</UL>

<P><STRONG><a name="[38e]"></a>__aeabi_memclr8</STRONG> (Thumb, 0 bytes, Stack size 0 bytes, memseta.o(.text), UNUSED)

<P><STRONG><a name="[f1]"></a>_memset$wrapper</STRONG> (Thumb, 18 bytes, Stack size 8 bytes, memseta.o(.text), UNUSED)
<BR><BR>[Calls]<UL><LI><a href="#[f0]">&gt;&gt;</a>&nbsp;&nbsp;&nbsp;__aeabi_memset
</UL>

<P><STRONG><a name="[e7]"></a>__aeabi_fmul</STRONG> (Thumb, 122 bytes, Stack size 16 bytes, fmul.o(.text))
<BR><BR>[Stack]<UL><LI>Max Depth = 16<LI>Call Chain = __aeabi_fmul
</UL>
<BR>[Called By]<UL><LI><a href="#[e3]">&gt;&gt;</a>&nbsp;&nbsp;&nbsp;ConsumeHeat
</UL>

<P><STRONG><a name="[e8]"></a>__aeabi_fdiv</STRONG> (Thumb, 124 bytes, Stack size 16 bytes, fdiv.o(.text))
<BR><BR>[Stack]<UL><LI>Max Depth = 16<LI>Call Chain = __aeabi_fdiv
</UL>
<BR>[Calls]<UL><LI><a href="#[f2]">&gt;&gt;</a>&nbsp;&nbsp;&nbsp;_float_round
</UL>
<BR>[Called By]<UL><LI><a href="#[e3]">&gt;&gt;</a>&nbsp;&nbsp;&nbsp;ConsumeHeat
</UL>

<P><STRONG><a name="[e2]"></a>__aeabi_ui2f</STRONG> (Thumb, 14 bytes, Stack size 8 bytes, ffltui.o(.text))
<BR><BR>[Stack]<UL><LI>Max Depth = 20<LI>Call Chain = __aeabi_ui2f &rArr; _float_epilogue
</UL>
<BR>[Calls]<UL><LI><a href="#[f3]">&gt;&gt;</a>&nbsp;&nbsp;&nbsp;_float_epilogue
</UL>
<BR>[Called By]<UL><LI><a href="#[34]">&gt;&gt;</a>&nbsp;&nbsp;&nbsp;HAL_ProcessEvent
</UL>

<P><STRONG><a name="[e9]"></a>__aeabi_f2uiz</STRONG> (Thumb, 40 bytes, Stack size 0 bytes, ffixui.o(.text))
<BR><BR>[Called By]<UL><LI><a href="#[e3]">&gt;&gt;</a>&nbsp;&nbsp;&nbsp;ConsumeHeat
</UL>

<P><STRONG><a name="[f4]"></a>__aeabi_uldivmod</STRONG> (Thumb, 96 bytes, Stack size 48 bytes, uldiv.o(.text), UNUSED)
<BR><BR>[Calls]<UL><LI><a href="#[ee]">&gt;&gt;</a>&nbsp;&nbsp;&nbsp;__aeabi_llsl
<LI><a href="#[f5]">&gt;&gt;</a>&nbsp;&nbsp;&nbsp;__aeabi_llsr
</UL>
<BR>[Called By]<UL><LI><a href="#[28b]">&gt;&gt;</a>&nbsp;&nbsp;&nbsp;_printf_core
</UL>

<P><STRONG><a name="[38f]"></a>__I$use$fp</STRONG> (Thumb, 0 bytes, Stack size 0 bytes, iusefp.o(.text), UNUSED)

<P><STRONG><a name="[f2]"></a>_float_round</STRONG> (Thumb, 16 bytes, Stack size 0 bytes, fepilogue.o(.text))
<BR><BR>[Called By]<UL><LI><a href="#[e8]">&gt;&gt;</a>&nbsp;&nbsp;&nbsp;__aeabi_fdiv
</UL>

<P><STRONG><a name="[f3]"></a>_float_epilogue</STRONG> (Thumb, 114 bytes, Stack size 12 bytes, fepilogue.o(.text))
<BR><BR>[Stack]<UL><LI>Max Depth = 12<LI>Call Chain = _float_epilogue
</UL>
<BR>[Called By]<UL><LI><a href="#[e2]">&gt;&gt;</a>&nbsp;&nbsp;&nbsp;__aeabi_ui2f
</UL>

<P><STRONG><a name="[8f]"></a>__scatterload</STRONG> (Thumb, 28 bytes, Stack size 0 bytes, init.o(.text))
<BR><BR>[Calls]<UL><LI><a href="#[f6]">&gt;&gt;</a>&nbsp;&nbsp;&nbsp;__main_after_scatterload
</UL>
<BR>[Called By]<UL><LI><a href="#[8e]">&gt;&gt;</a>&nbsp;&nbsp;&nbsp;_main_scatterload
</UL>

<P><STRONG><a name="[390]"></a>__scatterload_rt2</STRONG> (Thumb, 0 bytes, Stack size 0 bytes, init.o(.text), UNUSED)

<P><STRONG><a name="[f5]"></a>__aeabi_llsr</STRONG> (Thumb, 34 bytes, Stack size 8 bytes, llushr.o(.text), UNUSED)
<BR><BR>[Called By]<UL><LI><a href="#[f4]">&gt;&gt;</a>&nbsp;&nbsp;&nbsp;__aeabi_uldivmod
</UL>

<P><STRONG><a name="[391]"></a>_ll_ushift_r</STRONG> (Thumb, 0 bytes, Stack size 8 bytes, llushr.o(.text), UNUSED)

<P><STRONG><a name="[392]"></a>__decompress</STRONG> (Thumb, 0 bytes, Stack size unknown bytes, __dczerorl2.o(.text), UNUSED)

<P><STRONG><a name="[393]"></a>__decompress1</STRONG> (Thumb, 86 bytes, Stack size unknown bytes, __dczerorl2.o(.text), UNUSED)

<P><STRONG><a name="[f7]"></a>AES128_ECB_encrypt</STRONG> (Thumb, 72 bytes, Stack size 16 bytes, aes_soft.o(i.AES128_ECB_encrypt))
<BR><BR>[Stack]<UL><LI>Max Depth = 40<LI>Call Chain = AES128_ECB_encrypt &rArr; MixColumns
</UL>
<BR>[Calls]<UL><LI><a href="#[fb]">&gt;&gt;</a>&nbsp;&nbsp;&nbsp;SubBytes
<LI><a href="#[fc]">&gt;&gt;</a>&nbsp;&nbsp;&nbsp;ShiftRows
<LI><a href="#[fd]">&gt;&gt;</a>&nbsp;&nbsp;&nbsp;MixColumns
<LI><a href="#[f9]">&gt;&gt;</a>&nbsp;&nbsp;&nbsp;KeyExpansion
<LI><a href="#[f8]">&gt;&gt;</a>&nbsp;&nbsp;&nbsp;BlockCopy
<LI><a href="#[fa]">&gt;&gt;</a>&nbsp;&nbsp;&nbsp;AddRoundKey
</UL>
<BR>[Called By]<UL><LI><a href="#[252]">&gt;&gt;</a>&nbsp;&nbsp;&nbsp;LL_Encrypt
</UL>

<P><STRONG><a name="[ff]"></a>AES_DecError</STRONG> (Thumb, 76 bytes, Stack size 8 bytes, aes.o(i.AES_DecError))
<BR><BR>[Stack]<UL><LI>Max Depth = 8<LI>Call Chain = AES_DecError
</UL>
<BR>[Called By]<UL><LI><a href="#[101]">&gt;&gt;</a>&nbsp;&nbsp;&nbsp;AES_DevPktEnc
<LI><a href="#[100]">&gt;&gt;</a>&nbsp;&nbsp;&nbsp;AES_DevPktDec
<LI><a href="#[fe]">&gt;&gt;</a>&nbsp;&nbsp;&nbsp;AES_DevAESEnc
<LI><a href="#[14e]">&gt;&gt;</a>&nbsp;&nbsp;&nbsp;BLE_RegInit
</UL>

<P><STRONG><a name="[fe]"></a>AES_DevAESEnc</STRONG> (Thumb, 334 bytes, Stack size 24 bytes, aes.o(i.AES_DevAESEnc))
<BR><BR>[Stack]<UL><LI>Max Depth = 32<LI>Call Chain = AES_DevAESEnc &rArr; AES_DecError
</UL>
<BR>[Calls]<UL><LI><a href="#[ff]">&gt;&gt;</a>&nbsp;&nbsp;&nbsp;AES_DecError
</UL>
<BR>[Called By]<UL><LI><a href="#[233]">&gt;&gt;</a>&nbsp;&nbsp;&nbsp;ll_hw_api_enc
</UL>

<P><STRONG><a name="[100]"></a>AES_DevPktDec</STRONG> (Thumb, 124 bytes, Stack size 16 bytes, aes.o(i.AES_DevPktDec))
<BR><BR>[Stack]<UL><LI>Max Depth = 24<LI>Call Chain = AES_DevPktDec &rArr; AES_DecError
</UL>
<BR>[Calls]<UL><LI><a href="#[ff]">&gt;&gt;</a>&nbsp;&nbsp;&nbsp;AES_DecError
</UL>
<BR>[Called By]<UL><LI><a href="#[316]">&gt;&gt;</a>&nbsp;&nbsp;&nbsp;ll_hw_api_set_pkt_dec
</UL>

<P><STRONG><a name="[101]"></a>AES_DevPktEnc</STRONG> (Thumb, 124 bytes, Stack size 16 bytes, aes.o(i.AES_DevPktEnc))
<BR><BR>[Stack]<UL><LI>Max Depth = 24<LI>Call Chain = AES_DevPktEnc &rArr; AES_DecError
</UL>
<BR>[Calls]<UL><LI><a href="#[ff]">&gt;&gt;</a>&nbsp;&nbsp;&nbsp;AES_DecError
</UL>
<BR>[Called By]<UL><LI><a href="#[317]">&gt;&gt;</a>&nbsp;&nbsp;&nbsp;ll_hw_api_set_pkt_enc
</UL>

<P><STRONG><a name="[102]"></a>API_DisconnectCmd</STRONG> (Thumb, 16 bytes, Stack size 8 bytes, api_c.o(i.API_DisconnectCmd))
<BR><BR>[Stack]<UL><LI>Max Depth = 64<LI>Call Chain = API_DisconnectCmd &rArr; HCI_CommandStatusCback &rArr; HOST_CommandStatusEvent &rArr; tmos_msg_send &rArr; tmos_msg_deallocate &rArr; tmos_memory_free
</UL>
<BR>[Calls]<UL><LI><a href="#[103]">&gt;&gt;</a>&nbsp;&nbsp;&nbsp;LL_Disconnect
<LI><a href="#[104]">&gt;&gt;</a>&nbsp;&nbsp;&nbsp;HCI_CommandStatusCback
</UL>
<BR>[Called By]<UL><LI><a href="#[1c4]">&gt;&gt;</a>&nbsp;&nbsp;&nbsp;HCI_DisconnectCmd
</UL>

<P><STRONG><a name="[105]"></a>API_GetConnectNumeber</STRONG> (Thumb, 8 bytes, Stack size 8 bytes, api_c.o(i.API_GetConnectNumeber))
<BR><BR>[Stack]<UL><LI>Max Depth = 8<LI>Call Chain = API_GetConnectNumeber
</UL>
<BR>[Calls]<UL><LI><a href="#[106]">&gt;&gt;</a>&nbsp;&nbsp;&nbsp;ll_connect_get_connect_number
</UL>
<BR>[Called By]<UL><LI><a href="#[c4]">&gt;&gt;</a>&nbsp;&nbsp;&nbsp;GATT_Notification
</UL>

<P><STRONG><a name="[107]"></a>API_HostNumCompletedPktCmd</STRONG> (Thumb, 46 bytes, Stack size 8 bytes, api_c.o(i.API_HostNumCompletedPktCmd))
<BR><BR>[Stack]<UL><LI>Max Depth = 72<LI>Call Chain = API_HostNumCompletedPktCmd &rArr; HCI_CommandCompleteCback &rArr; HOST_CommandCompleteEvent &rArr; tmos_msg_send &rArr; tmos_msg_deallocate &rArr; tmos_memory_free
</UL>
<BR>[Calls]<UL><LI><a href="#[108]">&gt;&gt;</a>&nbsp;&nbsp;&nbsp;HCI_CommandCompleteCback
</UL>
<BR>[Called By]<UL><LI><a href="#[1fa]">&gt;&gt;</a>&nbsp;&nbsp;&nbsp;HCI_HostNumCompletedPktCmd
</UL>

<P><STRONG><a name="[109]"></a>API_LE_AddWhiteListCmd</STRONG> (Thumb, 26 bytes, Stack size 8 bytes, api_c.o(i.API_LE_AddWhiteListCmd))
<BR><BR>[Stack]<UL><LI>Max Depth = 72<LI>Call Chain = API_LE_AddWhiteListCmd &rArr; HCI_CommandCompleteCback &rArr; HOST_CommandCompleteEvent &rArr; tmos_msg_send &rArr; tmos_msg_deallocate &rArr; tmos_memory_free
</UL>
<BR>[Calls]<UL><LI><a href="#[10a]">&gt;&gt;</a>&nbsp;&nbsp;&nbsp;LL_AddWhiteListDevice
<LI><a href="#[108]">&gt;&gt;</a>&nbsp;&nbsp;&nbsp;HCI_CommandCompleteCback
</UL>
<BR>[Called By]<UL><LI><a href="#[1fb]">&gt;&gt;</a>&nbsp;&nbsp;&nbsp;HCI_LE_AddWhiteListCmd
</UL>

<P><STRONG><a name="[10b]"></a>API_LE_ClearWhiteListCmd</STRONG> (Thumb, 26 bytes, Stack size 8 bytes, api_c.o(i.API_LE_ClearWhiteListCmd))
<BR><BR>[Stack]<UL><LI>Max Depth = 72<LI>Call Chain = API_LE_ClearWhiteListCmd &rArr; HCI_CommandCompleteCback &rArr; HOST_CommandCompleteEvent &rArr; tmos_msg_send &rArr; tmos_msg_deallocate &rArr; tmos_memory_free
</UL>
<BR>[Calls]<UL><LI><a href="#[10c]">&gt;&gt;</a>&nbsp;&nbsp;&nbsp;LL_ClearWhiteList
<LI><a href="#[108]">&gt;&gt;</a>&nbsp;&nbsp;&nbsp;HCI_CommandCompleteCback
</UL>
<BR>[Called By]<UL><LI><a href="#[1fe]">&gt;&gt;</a>&nbsp;&nbsp;&nbsp;HCI_LE_ClearWhiteListCmd
</UL>

<P><STRONG><a name="[10d]"></a>API_LE_ConnUpdateCmd</STRONG> (Thumb, 26 bytes, Stack size 32 bytes, api_c.o(i.API_LE_ConnUpdateCmd))
<BR><BR>[Stack]<UL><LI>Max Depth = 200<LI>Call Chain = API_LE_ConnUpdateCmd &rArr; LL_ConnUpdate &rArr; ll_connect_update_get_offset &rArr; ble_ll_common_rand8 &rArr; __aeabi_lmul &rArr; __aeabi_llsl
</UL>
<BR>[Calls]<UL><LI><a href="#[10e]">&gt;&gt;</a>&nbsp;&nbsp;&nbsp;LL_ConnUpdate
<LI><a href="#[104]">&gt;&gt;</a>&nbsp;&nbsp;&nbsp;HCI_CommandStatusCback
</UL>
<BR>[Called By]<UL><LI><a href="#[1ff]">&gt;&gt;</a>&nbsp;&nbsp;&nbsp;HCI_LE_ConnUpdateCmd
</UL>

<P><STRONG><a name="[10f]"></a>API_LE_CreateConnCancelCmd</STRONG> (Thumb, 24 bytes, Stack size 8 bytes, api_c.o(i.API_LE_CreateConnCancelCmd))
<BR><BR>[Stack]<UL><LI>Max Depth = 72<LI>Call Chain = API_LE_CreateConnCancelCmd &rArr; LL_CreateConnCancel &rArr; LL_InitiateToStandby &rArr; LL_ReportGenerateEvent &rArr; tmos_msg_send &rArr; tmos_msg_deallocate &rArr; tmos_memory_free
</UL>
<BR>[Calls]<UL><LI><a href="#[110]">&gt;&gt;</a>&nbsp;&nbsp;&nbsp;LL_CreateConnCancel
<LI><a href="#[108]">&gt;&gt;</a>&nbsp;&nbsp;&nbsp;HCI_CommandCompleteCback
</UL>
<BR>[Called By]<UL><LI><a href="#[204]">&gt;&gt;</a>&nbsp;&nbsp;&nbsp;HCI_LE_CreateConnCancelCmd
</UL>

<P><STRONG><a name="[111]"></a>API_LE_LtkReqNegReplyCmd</STRONG> (Thumb, 32 bytes, Stack size 16 bytes, api_c.o(i.API_LE_LtkReqNegReplyCmd))
<BR><BR>[Stack]<UL><LI>Max Depth = 80<LI>Call Chain = API_LE_LtkReqNegReplyCmd &rArr; HCI_CommandCompleteCback &rArr; HOST_CommandCompleteEvent &rArr; tmos_msg_send &rArr; tmos_msg_deallocate &rArr; tmos_memory_free
</UL>
<BR>[Calls]<UL><LI><a href="#[112]">&gt;&gt;</a>&nbsp;&nbsp;&nbsp;LL_LtkReqNegReply
<LI><a href="#[108]">&gt;&gt;</a>&nbsp;&nbsp;&nbsp;HCI_CommandCompleteCback
</UL>
<BR>[Called By]<UL><LI><a href="#[20d]">&gt;&gt;</a>&nbsp;&nbsp;&nbsp;HCI_LE_LtkReqNegReplyCmd
</UL>

<P><STRONG><a name="[113]"></a>API_LE_LtkReqReplyCmd</STRONG> (Thumb, 32 bytes, Stack size 16 bytes, api_c.o(i.API_LE_LtkReqReplyCmd))
<BR><BR>[Stack]<UL><LI>Max Depth = 80<LI>Call Chain = API_LE_LtkReqReplyCmd &rArr; HCI_CommandCompleteCback &rArr; HOST_CommandCompleteEvent &rArr; tmos_msg_send &rArr; tmos_msg_deallocate &rArr; tmos_memory_free
</UL>
<BR>[Calls]<UL><LI><a href="#[114]">&gt;&gt;</a>&nbsp;&nbsp;&nbsp;LL_LtkReqReply
<LI><a href="#[108]">&gt;&gt;</a>&nbsp;&nbsp;&nbsp;HCI_CommandCompleteCback
</UL>
<BR>[Called By]<UL><LI><a href="#[20e]">&gt;&gt;</a>&nbsp;&nbsp;&nbsp;HCI_LE_LtkReqReplyCmd
</UL>

<P><STRONG><a name="[115]"></a>API_LE_RandCmd</STRONG> (Thumb, 28 bytes, Stack size 16 bytes, api_c.o(i.API_LE_RandCmd))
<BR><BR>[Stack]<UL><LI>Max Depth = 120<LI>Call Chain = API_LE_RandCmd &rArr; LL_Rand &rArr; ble_ll_common_rand8 &rArr; __aeabi_lmul &rArr; __aeabi_llsl
</UL>
<BR>[Calls]<UL><LI><a href="#[116]">&gt;&gt;</a>&nbsp;&nbsp;&nbsp;LL_Rand
<LI><a href="#[108]">&gt;&gt;</a>&nbsp;&nbsp;&nbsp;HCI_CommandCompleteCback
</UL>
<BR>[Called By]<UL><LI><a href="#[20f]">&gt;&gt;</a>&nbsp;&nbsp;&nbsp;HCI_LE_RandCmd
</UL>

<P><STRONG><a name="[117]"></a>API_LE_ReadBufSizeCmd</STRONG> (Thumb, 30 bytes, Stack size 8 bytes, api_c.o(i.API_LE_ReadBufSizeCmd))
<BR><BR>[Stack]<UL><LI>Max Depth = 72<LI>Call Chain = API_LE_ReadBufSizeCmd &rArr; HCI_CommandCompleteCback &rArr; HOST_CommandCompleteEvent &rArr; tmos_msg_send &rArr; tmos_msg_deallocate &rArr; tmos_memory_free
</UL>
<BR>[Calls]<UL><LI><a href="#[118]">&gt;&gt;</a>&nbsp;&nbsp;&nbsp;LL_LE_ReadBufSize
<LI><a href="#[108]">&gt;&gt;</a>&nbsp;&nbsp;&nbsp;HCI_CommandCompleteCback
</UL>
<BR>[Called By]<UL><LI><a href="#[210]">&gt;&gt;</a>&nbsp;&nbsp;&nbsp;HCI_LE_ReadBufSizeCmd
</UL>

<P><STRONG><a name="[119]"></a>API_LE_RemoteConnParamReqNegReplyCmd</STRONG> (Thumb, 32 bytes, Stack size 16 bytes, api_c.o(i.API_LE_RemoteConnParamReqNegReplyCmd))
<BR><BR>[Stack]<UL><LI>Max Depth = 80<LI>Call Chain = API_LE_RemoteConnParamReqNegReplyCmd &rArr; HCI_CommandCompleteCback &rArr; HOST_CommandCompleteEvent &rArr; tmos_msg_send &rArr; tmos_msg_deallocate &rArr; tmos_memory_free
</UL>
<BR>[Calls]<UL><LI><a href="#[11a]">&gt;&gt;</a>&nbsp;&nbsp;&nbsp;LL_RemoteConnParamReqNegReply
<LI><a href="#[108]">&gt;&gt;</a>&nbsp;&nbsp;&nbsp;HCI_CommandCompleteCback
</UL>
<BR>[Called By]<UL><LI><a href="#[213]">&gt;&gt;</a>&nbsp;&nbsp;&nbsp;HCI_LE_RemoteConnParamReqNegReplyCmd
</UL>

<P><STRONG><a name="[11b]"></a>API_LE_RemoteConnParamReqReplyCmd</STRONG> (Thumb, 46 bytes, Stack size 32 bytes, api_c.o(i.API_LE_RemoteConnParamReqReplyCmd))
<BR><BR>[Stack]<UL><LI>Max Depth = 200<LI>Call Chain = API_LE_RemoteConnParamReqReplyCmd &rArr; LL_RemoteConnParamReqReply &rArr; ll_connect_update_get_offset &rArr; ble_ll_common_rand8 &rArr; __aeabi_lmul &rArr; __aeabi_llsl
</UL>
<BR>[Calls]<UL><LI><a href="#[11c]">&gt;&gt;</a>&nbsp;&nbsp;&nbsp;LL_RemoteConnParamReqReply
<LI><a href="#[108]">&gt;&gt;</a>&nbsp;&nbsp;&nbsp;HCI_CommandCompleteCback
</UL>
<BR>[Called By]<UL><LI><a href="#[214]">&gt;&gt;</a>&nbsp;&nbsp;&nbsp;HCI_LE_RemoteConnParamReqReplyCmd
</UL>

<P><STRONG><a name="[11d]"></a>API_LE_SetAdvDataCmd</STRONG> (Thumb, 26 bytes, Stack size 8 bytes, api_c.o(i.API_LE_SetAdvDataCmd))
<BR><BR>[Stack]<UL><LI>Max Depth = 72<LI>Call Chain = API_LE_SetAdvDataCmd &rArr; HCI_CommandCompleteCback &rArr; HOST_CommandCompleteEvent &rArr; tmos_msg_send &rArr; tmos_msg_deallocate &rArr; tmos_memory_free
</UL>
<BR>[Calls]<UL><LI><a href="#[11e]">&gt;&gt;</a>&nbsp;&nbsp;&nbsp;LL_SetAdvData
<LI><a href="#[108]">&gt;&gt;</a>&nbsp;&nbsp;&nbsp;HCI_CommandCompleteCback
</UL>
<BR>[Called By]<UL><LI><a href="#[1c5]">&gt;&gt;</a>&nbsp;&nbsp;&nbsp;HCI_LE_SetAdvDataCmd
</UL>

<P><STRONG><a name="[11f]"></a>API_LE_SetAdvEnableCmd</STRONG> (Thumb, 26 bytes, Stack size 8 bytes, api_c.o(i.API_LE_SetAdvEnableCmd))
<BR><BR>[Stack]<UL><LI>Max Depth = 120<LI>Call Chain = API_LE_SetAdvEnableCmd &rArr; LL_SetAdvControl &rArr; ble_ll_common_rand16 &rArr; __aeabi_lmul &rArr; __aeabi_llsl
</UL>
<BR>[Calls]<UL><LI><a href="#[120]">&gt;&gt;</a>&nbsp;&nbsp;&nbsp;LL_SetAdvControl
<LI><a href="#[108]">&gt;&gt;</a>&nbsp;&nbsp;&nbsp;HCI_CommandCompleteCback
</UL>
<BR>[Called By]<UL><LI><a href="#[1ac]">&gt;&gt;</a>&nbsp;&nbsp;&nbsp;HCI_LE_SetAdvEnableCmd
</UL>

<P><STRONG><a name="[121]"></a>API_LE_SetAdvParamCmd</STRONG> (Thumb, 40 bytes, Stack size 40 bytes, api_c.o(i.API_LE_SetAdvParamCmd))
<BR><BR>[Stack]<UL><LI>Max Depth = 104<LI>Call Chain = API_LE_SetAdvParamCmd &rArr; HCI_CommandCompleteCback &rArr; HOST_CommandCompleteEvent &rArr; tmos_msg_send &rArr; tmos_msg_deallocate &rArr; tmos_memory_free
</UL>
<BR>[Calls]<UL><LI><a href="#[122]">&gt;&gt;</a>&nbsp;&nbsp;&nbsp;LL_SetAdvParam
<LI><a href="#[108]">&gt;&gt;</a>&nbsp;&nbsp;&nbsp;HCI_CommandCompleteCback
</UL>
<BR>[Called By]<UL><LI><a href="#[217]">&gt;&gt;</a>&nbsp;&nbsp;&nbsp;HCI_LE_SetAdvParamCmd
</UL>

<P><STRONG><a name="[123]"></a>API_LE_SetRandomAddressCmd</STRONG> (Thumb, 26 bytes, Stack size 8 bytes, api_c.o(i.API_LE_SetRandomAddressCmd))
<BR><BR>[Stack]<UL><LI>Max Depth = 72<LI>Call Chain = API_LE_SetRandomAddressCmd &rArr; HCI_CommandCompleteCback &rArr; HOST_CommandCompleteEvent &rArr; tmos_msg_send &rArr; tmos_msg_deallocate &rArr; tmos_memory_free
</UL>
<BR>[Calls]<UL><LI><a href="#[124]">&gt;&gt;</a>&nbsp;&nbsp;&nbsp;LL_SetRandomAddress
<LI><a href="#[108]">&gt;&gt;</a>&nbsp;&nbsp;&nbsp;HCI_CommandCompleteCback
</UL>
<BR>[Called By]<UL><LI><a href="#[218]">&gt;&gt;</a>&nbsp;&nbsp;&nbsp;HCI_LE_SetRandomAddressCmd
</UL>

<P><STRONG><a name="[125]"></a>API_LE_SetScanEnableCmd</STRONG> (Thumb, 26 bytes, Stack size 8 bytes, api_c.o(i.API_LE_SetScanEnableCmd))
<BR><BR>[Stack]<UL><LI>Max Depth = 72<LI>Call Chain = API_LE_SetScanEnableCmd &rArr; HCI_CommandCompleteCback &rArr; HOST_CommandCompleteEvent &rArr; tmos_msg_send &rArr; tmos_msg_deallocate &rArr; tmos_memory_free
</UL>
<BR>[Calls]<UL><LI><a href="#[126]">&gt;&gt;</a>&nbsp;&nbsp;&nbsp;LL_SetScanEnable
<LI><a href="#[108]">&gt;&gt;</a>&nbsp;&nbsp;&nbsp;HCI_CommandCompleteCback
</UL>
<BR>[Called By]<UL><LI><a href="#[219]">&gt;&gt;</a>&nbsp;&nbsp;&nbsp;HCI_LE_SetScanEnableCmd
</UL>

<P><STRONG><a name="[127]"></a>API_LE_SetScanRspDataCmd</STRONG> (Thumb, 26 bytes, Stack size 8 bytes, api_c.o(i.API_LE_SetScanRspDataCmd))
<BR><BR>[Stack]<UL><LI>Max Depth = 72<LI>Call Chain = API_LE_SetScanRspDataCmd &rArr; HCI_CommandCompleteCback &rArr; HOST_CommandCompleteEvent &rArr; tmos_msg_send &rArr; tmos_msg_deallocate &rArr; tmos_memory_free
</UL>
<BR>[Calls]<UL><LI><a href="#[128]">&gt;&gt;</a>&nbsp;&nbsp;&nbsp;LL_SetScanRspData
<LI><a href="#[108]">&gt;&gt;</a>&nbsp;&nbsp;&nbsp;HCI_CommandCompleteCback
</UL>
<BR>[Called By]<UL><LI><a href="#[1c6]">&gt;&gt;</a>&nbsp;&nbsp;&nbsp;HCI_LE_SetScanRspDataCmd
</UL>

<P><STRONG><a name="[129]"></a>API_LE_StartEncryptCmd</STRONG> (Thumb, 16 bytes, Stack size 8 bytes, api_c.o(i.API_LE_StartEncryptCmd))
<BR><BR>[Stack]<UL><LI>Max Depth = 64<LI>Call Chain = API_LE_StartEncryptCmd &rArr; HCI_CommandStatusCback &rArr; HOST_CommandStatusEvent &rArr; tmos_msg_send &rArr; tmos_msg_deallocate &rArr; tmos_memory_free
</UL>
<BR>[Calls]<UL><LI><a href="#[12a]">&gt;&gt;</a>&nbsp;&nbsp;&nbsp;LL_StartEncrypt
<LI><a href="#[104]">&gt;&gt;</a>&nbsp;&nbsp;&nbsp;HCI_CommandStatusCback
</UL>
<BR>[Called By]<UL><LI><a href="#[21a]">&gt;&gt;</a>&nbsp;&nbsp;&nbsp;HCI_LE_StartEncyptCmd
</UL>

<P><STRONG><a name="[12b]"></a>API_MD_DisconnectCmd</STRONG> (Thumb, 8 bytes, Stack size 8 bytes, api_c.o(i.API_MD_DisconnectCmd))
<BR><BR>[Stack]<UL><LI>Max Depth = 88<LI>Call Chain = API_MD_DisconnectCmd &rArr; LL_MD_Disconnect &rArr; LL_ConnectToStandby &rArr; LL_ReportGenerateEvent &rArr; tmos_msg_send &rArr; tmos_msg_deallocate &rArr; tmos_memory_free
</UL>
<BR>[Calls]<UL><LI><a href="#[12c]">&gt;&gt;</a>&nbsp;&nbsp;&nbsp;LL_MD_Disconnect
</UL>
<BR>[Called By]<UL><LI><a href="#[21b]">&gt;&gt;</a>&nbsp;&nbsp;&nbsp;HCI_MB_DisconnectCmd
</UL>

<P><STRONG><a name="[12d]"></a>API_ReadBDADDRCmd</STRONG> (Thumb, 30 bytes, Stack size 16 bytes, api_c.o(i.API_ReadBDADDRCmd))
<BR><BR>[Stack]<UL><LI>Max Depth = 80<LI>Call Chain = API_ReadBDADDRCmd &rArr; HCI_CommandCompleteCback &rArr; HOST_CommandCompleteEvent &rArr; tmos_msg_send &rArr; tmos_msg_deallocate &rArr; tmos_memory_free
</UL>
<BR>[Calls]<UL><LI><a href="#[12e]">&gt;&gt;</a>&nbsp;&nbsp;&nbsp;LL_ReadBDAddr
<LI><a href="#[108]">&gt;&gt;</a>&nbsp;&nbsp;&nbsp;HCI_CommandCompleteCback
</UL>
<BR>[Called By]<UL><LI><a href="#[1b8]">&gt;&gt;</a>&nbsp;&nbsp;&nbsp;HCI_ReadBDADDRCmd
</UL>

<P><STRONG><a name="[12f]"></a>API_ReadRssiCmd</STRONG> (Thumb, 38 bytes, Stack size 16 bytes, api_c.o(i.API_ReadRssiCmd))
<BR><BR>[Stack]<UL><LI>Max Depth = 80<LI>Call Chain = API_ReadRssiCmd &rArr; HCI_CommandCompleteCback &rArr; HOST_CommandCompleteEvent &rArr; tmos_msg_send &rArr; tmos_msg_deallocate &rArr; tmos_memory_free
</UL>
<BR>[Calls]<UL><LI><a href="#[130]">&gt;&gt;</a>&nbsp;&nbsp;&nbsp;LL_ReadRssi
<LI><a href="#[108]">&gt;&gt;</a>&nbsp;&nbsp;&nbsp;HCI_CommandCompleteCback
</UL>
<BR>[Called By]<UL><LI><a href="#[196]">&gt;&gt;</a>&nbsp;&nbsp;&nbsp;HCI_ReadRssiCmd
</UL>

<P><STRONG><a name="[131]"></a>API_SendDataPkt</STRONG> (Thumb, 10 bytes, Stack size 8 bytes, api_c.o(i.API_SendDataPkt))
<BR><BR>[Stack]<UL><LI>Max Depth = 64<LI>Call Chain = API_SendDataPkt &rArr; LL_SendDataPkt &rArr; tmos_memory_free
</UL>
<BR>[Calls]<UL><LI><a href="#[132]">&gt;&gt;</a>&nbsp;&nbsp;&nbsp;LL_SendDataPkt
</UL>
<BR>[Called By]<UL><LI><a href="#[224]">&gt;&gt;</a>&nbsp;&nbsp;&nbsp;HCI_SendDataPkt
</UL>

<P><STRONG><a name="[35]"></a>ATT_BuildErrorRsp</STRONG> (Thumb, 22 bytes, Stack size 0 bytes, att.o(i.ATT_BuildErrorRsp))
<BR>[Address Reference Count : 1]<UL><LI> att.o(i.ATT_ErrorRsp)
</UL>
<P><STRONG><a name="[36]"></a>ATT_BuildExchangeMTURsp</STRONG> (Thumb, 14 bytes, Stack size 0 bytes, att_server.o(i.ATT_BuildExchangeMTURsp))
<BR>[Address Reference Count : 1]<UL><LI> att_server.o(i.ATT_ExchangeMTURsp)
</UL>
<P><STRONG><a name="[37]"></a>ATT_BuildFindByTypeValueRsp</STRONG> (Thumb, 8 bytes, Stack size 0 bytes, att_server.o(i.ATT_BuildFindByTypeValueRsp))
<BR>[Address Reference Count : 1]<UL><LI> att_server.o(i.ATT_FindByTypeValueRsp)
</UL>
[...]
<LI><a href="#[246]">&gt;&gt;</a>&nbsp;&nbsp;&nbsp;tmos_stop_callback_task
<LI><a href="#[318]">&gt;&gt;</a>&nbsp;&nbsp;&nbsp;ll_hw_timer_renew_anchor_point
<LI><a href="#[327]">&gt;&gt;</a>&nbsp;&nbsp;&nbsp;ll_slave_check_connect_point
<LI><a href="#[24c]">&gt;&gt;</a>&nbsp;&nbsp;&nbsp;ll_connect_set_procedure_timeout
<LI><a href="#[314]">&gt;&gt;</a>&nbsp;&nbsp;&nbsp;ll_connect_set_auth_timeout
<LI><a href="#[304]">&gt;&gt;</a>&nbsp;&nbsp;&nbsp;ll_connect_init_pingOffset
<LI><a href="#[248]">&gt;&gt;</a>&nbsp;&nbsp;&nbsp;LL_ConnectToStandby
<LI><a href="#[239]">&gt;&gt;</a>&nbsp;&nbsp;&nbsp;LL_ReportGenerateEvent
</UL>
<BR>[Called By]<UL><LI><a href="#[6f]">&gt;&gt;</a>&nbsp;&nbsp;&nbsp;ll_slave_process
</UL>

<P><STRONG><a name="[67]"></a>ll_slave_process_event</STRONG> (Thumb, 348 bytes, Stack size 24 bytes, ll_slave.o(i.ll_slave_process_event))
<BR><BR>[Stack]<UL><LI>Max Depth = 188<LI>Call Chain = ll_slave_process_event &rArr; ll_hw_timer_slave_recv_timeout &rArr; ll_hw_temp_sample &rArr; BLE_RegInit &rArr; RFEND_TXCtune &rArr; __aeabi_idivmod &rArr; __aeabi_uidivmod
</UL>
<BR>[Calls]<UL><LI><a href="#[23c]">&gt;&gt;</a>&nbsp;&nbsp;&nbsp;ble_ll_hw_api_shut
<LI><a href="#[32f]">&gt;&gt;</a>&nbsp;&nbsp;&nbsp;ble_ll_set_connect_event
<LI><a href="#[243]">&gt;&gt;</a>&nbsp;&nbsp;&nbsp;TMOS_ProcessRegister
<LI><a href="#[255]">&gt;&gt;</a>&nbsp;&nbsp;&nbsp;LL_HopGetChannel
<LI><a href="#[319]">&gt;&gt;</a>&nbsp;&nbsp;&nbsp;ll_hw_timer_slave_recv_timeout
<LI><a href="#[300]">&gt;&gt;</a>&nbsp;&nbsp;&nbsp;TIM_1250US_TO_RTC_CLK
<LI><a href="#[32b]">&gt;&gt;</a>&nbsp;&nbsp;&nbsp;RTC_GetCnt32K
<LI><a href="#[32e]">&gt;&gt;</a>&nbsp;&nbsp;&nbsp;RTC_A_SUB_B
<LI><a href="#[302]">&gt;&gt;</a>&nbsp;&nbsp;&nbsp;RTC_A_ADD_B
<LI><a href="#[312]">&gt;&gt;</a>&nbsp;&nbsp;&nbsp;ll_connect_change_connect_point
<LI><a href="#[30b]">&gt;&gt;</a>&nbsp;&nbsp;&nbsp;ll_connect_action_in_connintervaltimeout
<LI><a href="#[248]">&gt;&gt;</a>&nbsp;&nbsp;&nbsp;LL_ConnectToStandby
</UL>
<BR>[Address Reference Count : 1]<UL><LI> ll_slave.o(i.llSlaveSetFirstTimer)
</UL>
<P><STRONG><a name="[32c]"></a>ll_slave_rx</STRONG> (Thumb, 230 bytes, Stack size 24 bytes, ll_slave.o(i.ll_slave_rx))
<BR><BR>[Stack]<UL><LI>Max Depth = 80<LI>Call Chain = ll_slave_rx &rArr; ll_slave_parse_datapdu_payload &rArr; tmos_stop_callback_task &rArr; tmos_stop_task
</UL>
<BR>[Calls]<UL><LI><a href="#[308]">&gt;&gt;</a>&nbsp;&nbsp;&nbsp;ble_ll_chkcrc
<LI><a href="#[19e]">&gt;&gt;</a>&nbsp;&nbsp;&nbsp;tmos_memory_free
<LI><a href="#[329]">&gt;&gt;</a>&nbsp;&nbsp;&nbsp;ll_slave_parse_datapdu_payload
<LI><a href="#[318]">&gt;&gt;</a>&nbsp;&nbsp;&nbsp;ll_hw_timer_renew_anchor_point
<LI><a href="#[333]">&gt;&gt;</a>&nbsp;&nbsp;&nbsp;ll_connect_parse_datapdu_head
<LI><a href="#[331]">&gt;&gt;</a>&nbsp;&nbsp;&nbsp;LL_ConnectTxPktnumIncrease
<LI><a href="#[334]">&gt;&gt;</a>&nbsp;&nbsp;&nbsp;LL_ConnectRxPktnumIncrease
<LI><a href="#[330]">&gt;&gt;</a>&nbsp;&nbsp;&nbsp;LL_ConnectFlowcontrolTx
<LI><a href="#[332]">&gt;&gt;</a>&nbsp;&nbsp;&nbsp;LL_ConnectFlowcontrolRx
</UL>
<BR>[Called By]<UL><LI><a href="#[6f]">&gt;&gt;</a>&nbsp;&nbsp;&nbsp;ll_slave_process
</UL>

<P><STRONG><a name="[4a]"></a>gapCancelLinkReq</STRONG> (Thumb, 48 bytes, Stack size 8 bytes, gap_central.o(i.gapCancelLinkReq))
<BR><BR>[Stack]<UL><LI>Max Depth = 88<LI>Call Chain = gapCancelLinkReq &rArr; HCI_LE_CreateConnCancelCmd &rArr; API_LE_CreateConnCancelCmd &rArr; LL_CreateConnCancel &rArr; LL_InitiateToStandby &rArr; LL_ReportGenerateEvent &rArr; tmos_msg_send &rArr; tmos_msg_deallocate &rArr; tmos_memory_free
</UL>
<BR>[Calls]<UL><LI><a href="#[204]">&gt;&gt;</a>&nbsp;&nbsp;&nbsp;HCI_LE_CreateConnCancelCmd
</UL>
<BR>[Address Reference Count : 1]<UL><LI> gap_central.o(i.GAP_CentralParamInit)
</UL>
<P><STRONG><a name="[4b]"></a>gapCentProcessConnEvt</STRONG> (Thumb, 218 bytes, Stack size 40 bytes, gap_central.o(i.gapCentProcessConnEvt))
<BR><BR>[Stack]<UL><LI>Max Depth = 272<LI>Call Chain = gapCentProcessConnEvt &rArr; HCI_LE_ConnUpdateCmd &rArr; API_LE_ConnUpdateCmd &rArr; LL_ConnUpdate &rArr; ll_connect_update_get_offset &rArr; ble_ll_common_rand8 &rArr; __aeabi_lmul &rArr; __aeabi_llsl
</UL>
<BR>[Calls]<UL><LI><a href="#[29c]">&gt;&gt;</a>&nbsp;&nbsp;&nbsp;HCI_ValidConnTimeParams
<LI><a href="#[1ff]">&gt;&gt;</a>&nbsp;&nbsp;&nbsp;HCI_LE_ConnUpdateCmd
<LI><a href="#[29b]">&gt;&gt;</a>&nbsp;&nbsp;&nbsp;gapSendLinkUpdateEvent
<LI><a href="#[299]">&gt;&gt;</a>&nbsp;&nbsp;&nbsp;gapSendEstLinkEvent
<LI><a href="#[29a]">&gt;&gt;</a>&nbsp;&nbsp;&nbsp;gapFreeEstLink
<LI><a href="#[186]">&gt;&gt;</a>&nbsp;&nbsp;&nbsp;GAP_GetParamValue
<LI><a href="#[228]">&gt;&gt;</a>&nbsp;&nbsp;&nbsp;L2CAP_ConnParamUpdateRsp
</UL>
<BR>[Address Reference Count : 1]<UL><LI> gap_central.o(i.GAP_CentralParamInit)
</UL>
<P><STRONG><a name="[48]"></a>gapCentProcessHCICmdEvt</STRONG> (Thumb, 44 bytes, Stack size 8 bytes, gap_central.o(i.gapCentProcessHCICmdEvt))
<BR><BR>[Stack]<UL><LI>Max Depth = 112<LI>Call Chain = gapCentProcessHCICmdEvt &rArr; gapSetScanParamStatus &rArr; gapSendScanEnable &rArr; HCI_LE_SetScanEnableCmd &rArr; API_LE_SetScanEnableCmd &rArr; HCI_CommandCompleteCback &rArr; HOST_CommandCompleteEvent &rArr; tmos_msg_send &rArr; tmos_msg_deallocate &rArr; tmos_memory_free
</UL>
<BR>[Calls]<UL><LI><a href="#[29d]">&gt;&gt;</a>&nbsp;&nbsp;&nbsp;gapSetScanParamStatus
</UL>
<BR>[Address Reference Count : 1]<UL><LI> gap_central.o(i.GAP_CentralParamInit)
</UL>
<P><STRONG><a name="[2a6]"></a>gapProcessAdvertDevInfo</STRONG> (Thumb, 434 bytes, Stack size 32 bytes, gap_central.o(i.gapProcessAdvertDevInfo))
<BR><BR>[Stack]<UL><LI>Max Depth = 68<LI>Call Chain = gapProcessAdvertDevInfo &rArr; gapFindADType
</UL>
<BR>[Calls]<UL><LI><a href="#[dd]">&gt;&gt;</a>&nbsp;&nbsp;&nbsp;tmos_memcmp
<LI><a href="#[92]">&gt;&gt;</a>&nbsp;&nbsp;&nbsp;tmos_memcpy
<LI><a href="#[29e]">&gt;&gt;</a>&nbsp;&nbsp;&nbsp;gapFindADType
<LI><a href="#[2a7]">&gt;&gt;</a>&nbsp;&nbsp;&nbsp;gapDetermineAddrType
<LI><a href="#[186]">&gt;&gt;</a>&nbsp;&nbsp;&nbsp;GAP_GetParamValue
<LI><a href="#[19e]">&gt;&gt;</a>&nbsp;&nbsp;&nbsp;tmos_memory_free
<LI><a href="#[16e]">&gt;&gt;</a>&nbsp;&nbsp;&nbsp;tmos_memory_allocate
</UL>
<BR>[Called By]<UL><LI><a href="#[2a8]">&gt;&gt;</a>&nbsp;&nbsp;&nbsp;gapProcessAdvertisementReport
</UL>

<P><STRONG><a name="[2a8]"></a>gapProcessAdvertisementReport</STRONG> (Thumb, 178 bytes, Stack size 32 bytes, gap_central.o(i.gapProcessAdvertisementReport))
<BR><BR>[Stack]<UL><LI>Max Depth = 100<LI>Call Chain = gapProcessAdvertisementReport &rArr; gapProcessAdvertDevInfo &rArr; gapFindADType
</UL>
<BR>[Calls]<UL><LI><a href="#[dc]">&gt;&gt;</a>&nbsp;&nbsp;&nbsp;tmos_msg_send
<LI><a href="#[db]">&gt;&gt;</a>&nbsp;&nbsp;&nbsp;tmos_msg_allocate
<LI><a href="#[92]">&gt;&gt;</a>&nbsp;&nbsp;&nbsp;tmos_memcpy
<LI><a href="#[186]">&gt;&gt;</a>&nbsp;&nbsp;&nbsp;GAP_GetParamValue
<LI><a href="#[2a6]">&gt;&gt;</a>&nbsp;&nbsp;&nbsp;gapProcessAdvertDevInfo
</UL>
<BR>[Called By]<UL><LI><a href="#[49]">&gt;&gt;</a>&nbsp;&nbsp;&nbsp;gapProcessScanningEvt
</UL>

<P><STRONG><a name="[49]"></a>gapProcessScanningEvt</STRONG> (Thumb, 34 bytes, Stack size 8 bytes, gap_central.o(i.gapProcessScanningEvt))
<BR><BR>[Stack]<UL><LI>Max Depth = 108<LI>Call Chain = gapProcessScanningEvt &rArr; gapProcessAdvertisementReport &rArr; gapProcessAdvertDevInfo &rArr; gapFindADType
</UL>
<BR>[Calls]<UL><LI><a href="#[2b3]">&gt;&gt;</a>&nbsp;&nbsp;&nbsp;gapSendDevDiscEvent
<LI><a href="#[2b4]">&gt;&gt;</a>&nbsp;&nbsp;&nbsp;gapSendScanEnable
<LI><a href="#[2a8]">&gt;&gt;</a>&nbsp;&nbsp;&nbsp;gapProcessAdvertisementReport
</UL>
<BR>[Address Reference Count : 1]<UL><LI> gap_central.o(i.GAP_CentralParamInit)
</UL>
<P><STRONG><a name="[2b4]"></a>gapSendScanEnable</STRONG> (Thumb, 28 bytes, Stack size 8 bytes, gap_central.o(i.gapSendScanEnable))
<BR><BR>[Stack]<UL><LI>Max Depth = 88<LI>Call Chain = gapSendScanEnable &rArr; HCI_LE_SetScanEnableCmd &rArr; API_LE_SetScanEnableCmd &rArr; HCI_CommandCompleteCback &rArr; HOST_CommandCompleteEvent &rArr; tmos_msg_send &rArr; tmos_msg_deallocate &rArr; tmos_memory_free
</UL>
<BR>[Calls]<UL><LI><a href="#[186]">&gt;&gt;</a>&nbsp;&nbsp;&nbsp;GAP_GetParamValue
<LI><a href="#[219]">&gt;&gt;</a>&nbsp;&nbsp;&nbsp;HCI_LE_SetScanEnableCmd
</UL>
<BR>[Called By]<UL><LI><a href="#[29d]">&gt;&gt;</a>&nbsp;&nbsp;&nbsp;gapSetScanParamStatus
<LI><a href="#[49]">&gt;&gt;</a>&nbsp;&nbsp;&nbsp;gapProcessScanningEvt
</UL>

<P><STRONG><a name="[29d]"></a>gapSetScanParamStatus</STRONG> (Thumb, 62 bytes, Stack size 16 bytes, gap_central.o(i.gapSetScanParamStatus))
<BR><BR>[Stack]<UL><LI>Max Depth = 104<LI>Call Chain = gapSetScanParamStatus &rArr; gapSendScanEnable &rArr; HCI_LE_SetScanEnableCmd &rArr; API_LE_SetScanEnableCmd &rArr; HCI_CommandCompleteCback &rArr; HOST_CommandCompleteEvent &rArr; tmos_msg_send &rArr; tmos_msg_deallocate &rArr; tmos_memory_free
</UL>
<BR>[Calls]<UL><LI><a href="#[b1]">&gt;&gt;</a>&nbsp;&nbsp;&nbsp;tmos_stop_task
<LI><a href="#[9b]">&gt;&gt;</a>&nbsp;&nbsp;&nbsp;tmos_start_task
<LI><a href="#[186]">&gt;&gt;</a>&nbsp;&nbsp;&nbsp;GAP_GetParamValue
<LI><a href="#[2b3]">&gt;&gt;</a>&nbsp;&nbsp;&nbsp;gapSendDevDiscEvent
<LI><a href="#[2b4]">&gt;&gt;</a>&nbsp;&nbsp;&nbsp;gapSendScanEnable
</UL>
<BR>[Called By]<UL><LI><a href="#[48]">&gt;&gt;</a>&nbsp;&nbsp;&nbsp;gapCentProcessHCICmdEvt
</UL>

<P><STRONG><a name="[1b2]"></a>gapFreeAdvertState</STRONG> (Thumb, 20 bytes, Stack size 8 bytes, gap_peripheral.o(i.gapFreeAdvertState))
<BR><BR>[Stack]<UL><LI>Max Depth = 24<LI>Call Chain = gapFreeAdvertState &rArr; tmos_memory_free
</UL>
<BR>[Calls]<UL><LI><a href="#[19e]">&gt;&gt;</a>&nbsp;&nbsp;&nbsp;tmos_memory_free
</UL>
<BR>[Called By]<UL><LI><a href="#[193]">&gt;&gt;</a>&nbsp;&nbsp;&nbsp;GAP_MakeDiscoverable
<LI><a href="#[2a4]">&gt;&gt;</a>&nbsp;&nbsp;&nbsp;gapSendMakeDiscEvent
<LI><a href="#[2a5]">&gt;&gt;</a>&nbsp;&nbsp;&nbsp;gapWriteAdvEnableStatus
<LI><a href="#[4d]">&gt;&gt;</a>&nbsp;&nbsp;&nbsp;gapProcessAdvertisingEvt
</UL>

<P><STRONG><a name="[4f]"></a>gapPeriProcessConnEvt</STRONG> (Thumb, 132 bytes, Stack size 32 bytes, gap_peripheral.o(i.gapPeriProcessConnEvt))
<BR><BR>[Stack]<UL><LI>Max Depth = 272<LI>Call Chain = gapPeriProcessConnEvt &rArr; gapL2capConnParamUpdateReq &rArr; L2CAP_ConnParamUpdateReq &rArr; l2capSendReq &rArr; l2capSendCmd &rArr; l2capEncapSendData &rArr; HCI_SendDataPkt &rArr; API_SendDataPkt &rArr; LL_SendDataPkt &rArr; tmos_memory_free
</UL>
<BR>[Calls]<UL><LI><a href="#[177]">&gt;&gt;</a>&nbsp;&nbsp;&nbsp;linkDB_Find
<LI><a href="#[29b]">&gt;&gt;</a>&nbsp;&nbsp;&nbsp;gapSendLinkUpdateEvent
<LI><a href="#[2a0]">&gt;&gt;</a>&nbsp;&nbsp;&nbsp;gapL2capConnParamUpdateReq
<LI><a href="#[225]">&gt;&gt;</a>&nbsp;&nbsp;&nbsp;L2CAP_CmdReject
</UL>
<BR>[Address Reference Count : 1]<UL><LI> gap_peripheral.o(i.GAP_PeripheralParamInit)
</UL>
<P><STRONG><a name="[4c]"></a>gapPeriProcessHCICmdCompleteEvt</STRONG> (Thumb, 130 bytes, Stack size 16 bytes, gap_peripheral.o(i.gapPeriProcessHCICmdCompleteEvt))
<BR><BR>[Stack]<UL><LI>Max Depth = 144<LI>Call Chain = gapPeriProcessHCICmdCompleteEvt &rArr; HCI_LE_SetAdvEnableCmd &rArr; API_LE_SetAdvEnableCmd &rArr; LL_SetAdvControl &rArr; ble_ll_common_rand16 &rArr; __aeabi_lmul &rArr; __aeabi_llsl
</UL>
<BR>[Calls]<UL><LI><a href="#[dc]">&gt;&gt;</a>&nbsp;&nbsp;&nbsp;tmos_msg_send
<LI><a href="#[db]">&gt;&gt;</a>&nbsp;&nbsp;&nbsp;tmos_msg_allocate
<LI><a href="#[2a4]">&gt;&gt;</a>&nbsp;&nbsp;&nbsp;gapSendMakeDiscEvent
<LI><a href="#[2a5]">&gt;&gt;</a>&nbsp;&nbsp;&nbsp;gapWriteAdvEnableStatus
<LI><a href="#[1ac]">&gt;&gt;</a>&nbsp;&nbsp;&nbsp;HCI_LE_SetAdvEnableCmd
</UL>
<BR>[Address Reference Count : 1]<UL><LI> gap_peripheral.o(i.GAP_PeripheralParamInit)
</UL>
<P><STRONG><a name="[4d]"></a>gapProcessAdvertisingEvt</STRONG> (Thumb, 112 bytes, Stack size 16 bytes, gap_peripheral.o(i.gapProcessAdvertisingEvt))
<BR><BR>[Stack]<UL><LI>Max Depth = 160<LI>Call Chain = gapProcessAdvertisingEvt &rArr; GAP_EndDiscoverable &rArr; HCI_LE_SetAdvEnableCmd &rArr; API_LE_SetAdvEnableCmd &rArr; LL_SetAdvControl &rArr; ble_ll_common_rand16 &rArr; __aeabi_lmul &rArr; __aeabi_llsl
</UL>
<BR>[Calls]<UL><LI><a href="#[b1]">&gt;&gt;</a>&nbsp;&nbsp;&nbsp;tmos_stop_task
<LI><a href="#[9b]">&gt;&gt;</a>&nbsp;&nbsp;&nbsp;tmos_start_task
<LI><a href="#[197]">&gt;&gt;</a>&nbsp;&nbsp;&nbsp;GAP_EndDiscoverable
<LI><a href="#[1b2]">&gt;&gt;</a>&nbsp;&nbsp;&nbsp;gapFreeAdvertState
<LI><a href="#[ca]">&gt;&gt;</a>&nbsp;&nbsp;&nbsp;__aeabi_idivmod
</UL>
<BR>[Address Reference Count : 1]<UL><LI> gap_peripheral.o(i.GAP_PeripheralParamInit)
</UL>
<P><STRONG><a name="[4e]"></a>gapSetAdvParams</STRONG> (Thumb, 86 bytes, Stack size 40 bytes, gap_peripheral.o(i.gapSetAdvParams))
<BR><BR>[Stack]<UL><LI>Max Depth = 184<LI>Call Chain = gapSetAdvParams &rArr; HCI_LE_SetAdvParamCmd &rArr; API_LE_SetAdvParamCmd &rArr; HCI_CommandCompleteCback &rArr; HOST_CommandCompleteEvent &rArr; tmos_msg_send &rArr; tmos_msg_deallocate &rArr; tmos_memory_free
</UL>
<BR>[Calls]<UL><LI><a href="#[2b0]">&gt;&gt;</a>&nbsp;&nbsp;&nbsp;gapAddAddrAdj
<LI><a href="#[186]">&gt;&gt;</a>&nbsp;&nbsp;&nbsp;GAP_GetParamValue
<LI><a href="#[217]">&gt;&gt;</a>&nbsp;&nbsp;&nbsp;HCI_LE_SetAdvParamCmd
</UL>
<BR>[Called By]<UL><LI><a href="#[193]">&gt;&gt;</a>&nbsp;&nbsp;&nbsp;GAP_MakeDiscoverable
</UL>
<BR>[Address Reference Count : 1]<UL><LI> gap_peripheral.o(i.GAP_PeripheralParamInit)
</UL>
<P><STRONG><a name="[2a5]"></a>gapWriteAdvEnableStatus</STRONG> (Thumb, 184 bytes, Stack size 32 bytes, gap_peripheral.o(i.gapWriteAdvEnableStatus))
<BR><BR>[Stack]<UL><LI>Max Depth = 80<LI>Call Chain = gapWriteAdvEnableStatus &rArr; gapSendMakeDiscEvent &rArr; tmos_msg_send &rArr; tmos_msg_deallocate &rArr; tmos_memory_free
</UL>
<BR>[Calls]<UL><LI><a href="#[dc]">&gt;&gt;</a>&nbsp;&nbsp;&nbsp;tmos_msg_send
<LI><a href="#[db]">&gt;&gt;</a>&nbsp;&nbsp;&nbsp;tmos_msg_allocate
<LI><a href="#[9b]">&gt;&gt;</a>&nbsp;&nbsp;&nbsp;tmos_start_task
<LI><a href="#[29e]">&gt;&gt;</a>&nbsp;&nbsp;&nbsp;gapFindADType
<LI><a href="#[186]">&gt;&gt;</a>&nbsp;&nbsp;&nbsp;GAP_GetParamValue
<LI><a href="#[1b6]">&gt;&gt;</a>&nbsp;&nbsp;&nbsp;tmos_start_reload_task
<LI><a href="#[2a4]">&gt;&gt;</a>&nbsp;&nbsp;&nbsp;gapSendMakeDiscEvent
<LI><a href="#[1b2]">&gt;&gt;</a>&nbsp;&nbsp;&nbsp;gapFreeAdvertState
<LI><a href="#[ca]">&gt;&gt;</a>&nbsp;&nbsp;&nbsp;__aeabi_idivmod
</UL>
<BR>[Called By]<UL><LI><a href="#[4c]">&gt;&gt;</a>&nbsp;&nbsp;&nbsp;gapPeriProcessHCICmdCompleteEvt
</UL>

<P><STRONG><a name="[56]"></a>l2capBuildCmdReject</STRONG> (Thumb, 64 bytes, Stack size 0 bytes, l2cap_sdu.o(i.l2capBuildCmdReject))
<BR>[Address Reference Count : 1]<UL><LI> l2cap_sdu.o(i.L2CAP_CmdReject)
</UL>
<P><STRONG><a name="[65]"></a>l2capBuildConnectRsp</STRONG> (Thumb, 54 bytes, Stack size 0 bytes, l2cap_sdu.o(i.l2capBuildConnectRsp))
<BR>[Address Reference Count : 1]<UL><LI> l2cap_sdu.o(i.l2capSendConnectRsp)
</UL>
<P><STRONG><a name="[59]"></a>l2capBuildDisconnectReq</STRONG> (Thumb, 24 bytes, Stack size 0 bytes, l2cap_sdu.o(i.l2capBuildDisconnectReq))
<BR>[Address Reference Count : 1]<UL><LI> l2cap_sdu.o(i.L2CAP_DisconnectReq)
</UL>
<P><STRONG><a name="[57]"></a>l2capBuildParamUpdateReq</STRONG> (Thumb, 44 bytes, Stack size 0 bytes, l2cap_sdu.o(i.l2capBuildParamUpdateReq))
<BR>[Address Reference Count : 1]<UL><LI> l2cap_sdu.o(i.L2CAP_ConnParamUpdateReq)
</UL>
<P><STRONG><a name="[58]"></a>l2capBuildParamUpdateRsp</STRONG> (Thumb, 14 bytes, Stack size 0 bytes, l2cap_sdu.o(i.l2capBuildParamUpdateRsp))
<BR>[Address Reference Count : 1]<UL><LI> l2cap_sdu.o(i.L2CAP_ConnParamUpdateRsp)
</UL>
<P><STRONG><a name="[258]"></a>ll_initiate_to_standby</STRONG> (Thumb, 44 bytes, Stack size 16 bytes, ll_initiate.o(i.ll_initiate_to_standby))
<BR><BR>[Stack]<UL><LI>Max Depth = 32<LI>Call Chain = ll_initiate_to_standby &rArr; tmos_stop_task
</UL>
<BR>[Calls]<UL><LI><a href="#[b1]">&gt;&gt;</a>&nbsp;&nbsp;&nbsp;tmos_stop_task
<LI><a href="#[243]">&gt;&gt;</a>&nbsp;&nbsp;&nbsp;TMOS_ProcessRegister
</UL>
<BR>[Called By]<UL><LI><a href="#[250]">&gt;&gt;</a>&nbsp;&nbsp;&nbsp;LL_InitiateToStandby
</UL>

<P><STRONG><a name="[262]"></a>ll_resolvinglist_checkRPA</STRONG> (Thumb, 82 bytes, Stack size 40 bytes, ll_resolvinglist.o(i.ll_resolvinglist_checkRPA))
<BR><BR>[Stack]<UL><LI>Max Depth = 80<LI>Call Chain = ll_resolvinglist_checkRPA &rArr; ll_hw_api_enc &rArr; AES_DevAESEnc &rArr; AES_DecError
</UL>
<BR>[Calls]<UL><LI><a href="#[233]">&gt;&gt;</a>&nbsp;&nbsp;&nbsp;ll_hw_api_enc
</UL>
<BR>[Called By]<UL><LI><a href="#[261]">&gt;&gt;</a>&nbsp;&nbsp;&nbsp;LL_ResolvinglistCheckPeerResolution
</UL>

<P><STRONG><a name="[fa]"></a>AddRoundKey</STRONG> (Thumb, 54 bytes, Stack size 20 bytes, aes_soft.o(i.AddRoundKey))
<BR><BR>[Stack]<UL><LI>Max Depth = 20<LI>Call Chain = AddRoundKey
</UL>
<BR>[Called By]<UL><LI><a href="#[f7]">&gt;&gt;</a>&nbsp;&nbsp;&nbsp;AES128_ECB_encrypt
</UL>

<P><STRONG><a name="[f8]"></a>BlockCopy</STRONG> (Thumb, 16 bytes, Stack size 0 bytes, aes_soft.o(i.BlockCopy))
<BR><BR>[Called By]<UL><LI><a href="#[f7]">&gt;&gt;</a>&nbsp;&nbsp;&nbsp;AES128_ECB_encrypt
</UL>

<P><STRONG><a name="[f9]"></a>KeyExpansion</STRONG> (Thumb, 156 bytes, Stack size 24 bytes, aes_soft.o(i.KeyExpansion))
<BR><BR>[Stack]<UL><LI>Max Depth = 24<LI>Call Chain = KeyExpansion
</UL>
<BR>[Called By]<UL><LI><a href="#[f7]">&gt;&gt;</a>&nbsp;&nbsp;&nbsp;AES128_ECB_encrypt
</UL>

<P><STRONG><a name="[fd]"></a>MixColumns</STRONG> (Thumb, 126 bytes, Stack size 24 bytes, aes_soft.o(i.MixColumns))
<BR><BR>[Stack]<UL><LI>Max Depth = 24<LI>Call Chain = MixColumns
</UL>
<BR>[Calls]<UL><LI><a href="#[26f]">&gt;&gt;</a>&nbsp;&nbsp;&nbsp;xtime
</UL>
<BR>[Called By]<UL><LI><a href="#[f7]">&gt;&gt;</a>&nbsp;&nbsp;&nbsp;AES128_ECB_encrypt
</UL>

<P><STRONG><a name="[fc]"></a>ShiftRows</STRONG> (Thumb, 54 bytes, Stack size 0 bytes, aes_soft.o(i.ShiftRows))
<BR><BR>[Called By]<UL><LI><a href="#[f7]">&gt;&gt;</a>&nbsp;&nbsp;&nbsp;AES128_ECB_encrypt
</UL>

<P><STRONG><a name="[fb]"></a>SubBytes</STRONG> (Thumb, 40 bytes, Stack size 12 bytes, aes_soft.o(i.SubBytes))
<BR><BR>[Stack]<UL><LI>Max Depth = 12<LI>Call Chain = SubBytes
</UL>
<BR>[Called By]<UL><LI><a href="#[f7]">&gt;&gt;</a>&nbsp;&nbsp;&nbsp;AES128_ECB_encrypt
</UL>

<P><STRONG><a name="[26f]"></a>xtime</STRONG> (Thumb, 14 bytes, Stack size 0 bytes, aes_soft.o(i.xtime))
<BR><BR>[Called By]<UL><LI><a href="#[fd]">&gt;&gt;</a>&nbsp;&nbsp;&nbsp;MixColumns
</UL>

<P><STRONG><a name="[236]"></a>ll_address_create_non_resolvable</STRONG> (Thumb, 144 bytes, Stack size 24 bytes, ll_address.o(i.ll_address_create_non_resolvable))
<BR><BR>[Stack]<UL><LI>Max Depth = 112<LI>Call Chain = ll_address_create_non_resolvable &rArr; ble_ll_common_rand32 &rArr; __aeabi_lmul &rArr; __aeabi_llsl
</UL>
<BR>[Calls]<UL><LI><a href="#[232]">&gt;&gt;</a>&nbsp;&nbsp;&nbsp;ble_ll_common_rand32
<LI><a href="#[23f]">&gt;&gt;</a>&nbsp;&nbsp;&nbsp;ble_ll_common_rand16
</UL>
<BR>[Called By]<UL><LI><a href="#[234]">&gt;&gt;</a>&nbsp;&nbsp;&nbsp;LL_AddrInit
</UL>

<P><STRONG><a name="[235]"></a>ll_address_create_static</STRONG> (Thumb, 102 bytes, Stack size 24 bytes, ll_address.o(i.ll_address_create_static))
<BR><BR>[Stack]<UL><LI>Max Depth = 112<LI>Call Chain = ll_address_create_static &rArr; ble_ll_common_rand32 &rArr; __aeabi_lmul &rArr; __aeabi_llsl
</UL>
<BR>[Calls]<UL><LI><a href="#[232]">&gt;&gt;</a>&nbsp;&nbsp;&nbsp;ble_ll_common_rand32
<LI><a href="#[23f]">&gt;&gt;</a>&nbsp;&nbsp;&nbsp;ble_ll_common_rand16
</UL>
<BR>[Called By]<UL><LI><a href="#[234]">&gt;&gt;</a>&nbsp;&nbsp;&nbsp;LL_AddrInit
</UL>

<P><STRONG><a name="[28b]"></a>_printf_core</STRONG> (Thumb, 688 bytes, Stack size 96 bytes, printf5.o(i._printf_core), UNUSED)
<BR><BR>[Calls]<UL><LI><a href="#[f4]">&gt;&gt;</a>&nbsp;&nbsp;&nbsp;__aeabi_uldivmod
</UL>
<BR>[Called By]<UL><LI><a href="#[28a]">&gt;&gt;</a>&nbsp;&nbsp;&nbsp;__0printf$5
</UL>
<P>
<H3>
Undefined Global Symbols
</H3><HR></body></html>
