<html>
<body>
<pre>
<h1>µVision Build Log</h1>
<h2>Tool Versions:</h2>
IDE-Version: ¦ÌVision V5.30.0.0
Copyright (C) 2020 ARM Ltd and ARM Germany GmbH. All rights reserved.
License Information: xiaowen Administrator, dd0000000000, LIC=3UUHL-0UCDS-ZC6JY-I6YB2-MX3RW-6WU24
 
Tool Versions:
Toolchain:       MDK-ARM Professional  Version: 5.30.0.0
Toolchain Path:  F:\Keil_v5\ARM\ARMCC\Bin
C Compiler:      Armcc.exe V5.06 update 6 (build 750)
Assembler:       Armasm.exe V5.06 update 6 (build 750)
Linker/Locator:  ArmLink.exe V5.06 update 6 (build 750)
Library Manager: ArmAr.exe V5.06 update 6 (build 750)
Hex Converter:   FromElf.exe V5.06 update 6 (build 750)
CPU DLL:         SARMCM3.DLL V5.30.0.0
Dialog DLL:      DARMCM1.DLL V1.19.3.0
Target DLL:      ULP2CM3.DLL V2.212.13.0
Dialog DLL:      TARMCM1.DLL V1.14.2.0
 
<h2>Project:</h2>
D:\Git\CH579\Project\BLE.uvprojx
Project File Date:  06/23/2020

<h2>Output:</h2>
*** Using Compiler 'V5.06 update 6 (build 750)', folder: 'F:\Keil_v5\ARM\ARMCC\Bin'
Rebuild target 'BLE'
assembling startup_ARMCM0.s...
compiling devinfoservice.c...
compiling peripheral.c...
compiling CH57x_flash.c...
compiling gattprofile.c...
compiling peripheral_main.c...
compiling CH57x_clk.c...
compiling CH57x_gpio.c...
compiling CH57x_int.c...
compiling CH57x_sys.c...
compiling CH57x_pwr.c...
compiling CH57x_uart1.c...
compiling KEY.c...
compiling MCU.c...
compiling RTC.c...
compiling SLEEP.c...
compiling DataProcessing.c...
linking...
Program Size: Code=81720 RO-data=1408 RW-data=1508 ZI-data=9156  
FromELF: creating hex file...
".\obj\BLE.axf" - 0 Error(s), 0 Warning(s).

<h2>Software Packages used:</h2>

Package Vendor: ARM
                http://www.keil.com/pack/ARM.CMSIS.5.7.0.pack
                ARM.CMSIS.5.7.0
                CMSIS (Cortex Microcontroller Software Interface Standard)
   * Component: CORE Version: 5.4.0

Package Vendor: Keil
                http://www.wch.cn/Keil.WCH57x_DFP.1.2.0.pack
                Keil.WCH57x_DFP.1.2.0
                WCH wireless MCU CH57x Family Support, Drivers and Examples

<h2>Collection of Component include folders:</h2>
  .\RTE\_BLE
  f:\Keil_v5\ARM\PACK\ARM\CMSIS\5.7.0\CMSIS\Core\Include
  f:\Keil_v5\ARM\PACK\Keil\WCH57x_DFP\1.2.0\Drivers\CMSIS\Device\WCH\CH57x\Include

<h2>Collection of Component Files used:</h2>

   * Component: ARM::CMSIS:CORE:5.4.0
Build Time Elapsed:  00:00:01
</pre>
</body>
</html>
